Component: Arm Compiler for Embedded 6.21 Tool: armlink [5ec1fa00]

==============================================================================

Section Cross References

    startup_stm32h723xx.o(STACK) refers (Special) to heapauxi.o(.text) for __use_two_region_memory
    startup_stm32h723xx.o(HEAP) refers (Special) to heapauxi.o(.text) for __use_two_region_memory
    startup_stm32h723xx.o(RESET) refers (Special) to heapauxi.o(.text) for __use_two_region_memory
    startup_stm32h723xx.o(RESET) refers to startup_stm32h723xx.o(STACK) for __initial_sp
    startup_stm32h723xx.o(RESET) refers to startup_stm32h723xx.o(.text) for Reset_Handler
    startup_stm32h723xx.o(RESET) refers to stm32h7xx_it.o(.text.NMI_Handler) for NMI_Handler
    startup_stm32h723xx.o(RESET) refers to stm32h7xx_it.o(.text.HardFault_Handler) for HardFault_Handler
    startup_stm32h723xx.o(RESET) refers to stm32h7xx_it.o(.text.MemManage_Handler) for MemManage_Handler
    startup_stm32h723xx.o(RESET) refers to stm32h7xx_it.o(.text.BusFault_Handler) for BusFault_Handler
    startup_stm32h723xx.o(RESET) refers to stm32h7xx_it.o(.text.UsageFault_Handler) for UsageFault_Handler
    startup_stm32h723xx.o(RESET) refers to port.o(.text.SVC_Handler) for SVC_Handler
    startup_stm32h723xx.o(RESET) refers to stm32h7xx_it.o(.text.DebugMon_Handler) for DebugMon_Handler
    startup_stm32h723xx.o(RESET) refers to port.o(.text.PendSV_Handler) for PendSV_Handler
    startup_stm32h723xx.o(RESET) refers to port.o(.text.SysTick_Handler) for SysTick_Handler
    startup_stm32h723xx.o(RESET) refers to stm32h7xx_it.o(.text.DMA1_Stream0_IRQHandler) for DMA1_Stream0_IRQHandler
    startup_stm32h723xx.o(RESET) refers to stm32h7xx_it.o(.text.DMA1_Stream1_IRQHandler) for DMA1_Stream1_IRQHandler
    startup_stm32h723xx.o(RESET) refers to stm32h7xx_it.o(.text.DMA1_Stream2_IRQHandler) for DMA1_Stream2_IRQHandler
    startup_stm32h723xx.o(RESET) refers to stm32h7xx_it.o(.text.FDCAN1_IT0_IRQHandler) for FDCAN1_IT0_IRQHandler
    startup_stm32h723xx.o(RESET) refers to stm32h7xx_it.o(.text.FDCAN2_IT0_IRQHandler) for FDCAN2_IT0_IRQHandler
    startup_stm32h723xx.o(RESET) refers to stm32h7xx_it.o(.text.FDCAN1_IT1_IRQHandler) for FDCAN1_IT1_IRQHandler
    startup_stm32h723xx.o(RESET) refers to stm32h7xx_it.o(.text.FDCAN2_IT1_IRQHandler) for FDCAN2_IT1_IRQHandler
    startup_stm32h723xx.o(RESET) refers to stm32h7xx_it.o(.text.USART1_IRQHandler) for USART1_IRQHandler
    startup_stm32h723xx.o(RESET) refers to stm32h7xx_it.o(.text.USART2_IRQHandler) for USART2_IRQHandler
    startup_stm32h723xx.o(RESET) refers to stm32h7xx_it.o(.text.USART3_IRQHandler) for USART3_IRQHandler
    startup_stm32h723xx.o(RESET) refers to stm32h7xx_it.o(.text.OTG_HS_IRQHandler) for OTG_HS_IRQHandler
    startup_stm32h723xx.o(RESET) refers to stm32h7xx_it.o(.text.UART7_IRQHandler) for UART7_IRQHandler
    startup_stm32h723xx.o(RESET) refers to stm32h7xx_it.o(.text.USART10_IRQHandler) for USART10_IRQHandler
    startup_stm32h723xx.o(RESET) refers to stm32h7xx_it.o(.text.FDCAN3_IT0_IRQHandler) for FDCAN3_IT0_IRQHandler
    startup_stm32h723xx.o(RESET) refers to stm32h7xx_it.o(.text.FDCAN3_IT1_IRQHandler) for FDCAN3_IT1_IRQHandler
    startup_stm32h723xx.o(RESET) refers to stm32h7xx_it.o(.text.TIM23_IRQHandler) for TIM23_IRQHandler
    startup_stm32h723xx.o(.text) refers (Special) to heapauxi.o(.text) for __use_two_region_memory
    startup_stm32h723xx.o(.text) refers to system_stm32h7xx.o(.text.SystemInit) for SystemInit
    startup_stm32h723xx.o(.text) refers to __main.o(!!!main) for __main
    startup_stm32h723xx.o(.text) refers to startup_stm32h723xx.o(HEAP) for Heap_Mem
    startup_stm32h723xx.o(.text) refers to startup_stm32h723xx.o(STACK) for Stack_Mem
    vofa.o(.text.vofa_start) refers to vofa.o(.text.vofa_demo) for vofa_demo
    vofa.o(.ARM.exidx.text.vofa_start) refers to vofa.o(.text.vofa_start) for [Anonymous Symbol]
    vofa.o(.text.vofa_demo) refers to vofa.o(.bss..L_MergedGlobals) for .L_MergedGlobals
    vofa.o(.text.vofa_demo) refers to sin.o(i.__hardfp_sin) for __hardfp_sin
    vofa.o(.text.vofa_demo) refers to vofa.o(.bss.send_buf) for send_buf
    vofa.o(.text.vofa_demo) refers to usbd_cdc_if.o(.text.CDC_Transmit_HS) for CDC_Transmit_HS
    vofa.o(.ARM.exidx.text.vofa_demo) refers to vofa.o(.text.vofa_demo) for [Anonymous Symbol]
    vofa.o(.text.vofa_transmit) refers to usbd_cdc_if.o(.text.CDC_Transmit_HS) for CDC_Transmit_HS
    vofa.o(.ARM.exidx.text.vofa_transmit) refers to vofa.o(.text.vofa_transmit) for [Anonymous Symbol]
    vofa.o(.text.vofa_send_data) refers to vofa.o(.bss..L_MergedGlobals) for .L_MergedGlobals
    vofa.o(.text.vofa_send_data) refers to vofa.o(.bss.send_buf) for send_buf
    vofa.o(.ARM.exidx.text.vofa_send_data) refers to vofa.o(.text.vofa_send_data) for [Anonymous Symbol]
    vofa.o(.text.vofa_sendframetail) refers to vofa.o(.bss..L_MergedGlobals) for .L_MergedGlobals
[...]
    0x0800037c   0x0800037c   0x00000002   Code   RO         4065    .ARM.Collect$$libinit$$00000000  c_w.l(libinit.o)
    0x0800037e   0x0800037e   0x00000004   Code   RO         4066    .ARM.Collect$$libinit$$00000001  c_w.l(libinit2.o)
    0x08000382   0x08000382   0x00000000   Code   RO         4069    .ARM.Collect$$libinit$$00000004  c_w.l(libinit2.o)
    0x08000382   0x08000382   0x00000000   Code   RO         4071    .ARM.Collect$$libinit$$00000006  c_w.l(libinit2.o)
    0x08000382   0x08000382   0x00000000   Code   RO         4074    .ARM.Collect$$libinit$$0000000C  c_w.l(libinit2.o)
    0x08000382   0x08000382   0x00000000   Code   RO         4076    .ARM.Collect$$libinit$$0000000E  c_w.l(libinit2.o)
    0x08000382   0x08000382   0x00000000   Code   RO         4078    .ARM.Collect$$libinit$$00000010  c_w.l(libinit2.o)
    0x08000382   0x08000382   0x00000006   Code   RO         4079    .ARM.Collect$$libinit$$00000011  c_w.l(libinit2.o)
    0x08000388   0x08000388   0x00000000   Code   RO         4081    .ARM.Collect$$libinit$$00000013  c_w.l(libinit2.o)
    0x08000388   0x08000388   0x00000000   Code   RO         4083    .ARM.Collect$$libinit$$00000015  c_w.l(libinit2.o)
    0x08000388   0x08000388   0x00000000   Code   RO         4085    .ARM.Collect$$libinit$$00000017  c_w.l(libinit2.o)
    0x08000388   0x08000388   0x0000000a   Code   RO         4086    .ARM.Collect$$libinit$$00000018  c_w.l(libinit2.o)
    0x08000392   0x08000392   0x00000000   Code   RO         4087    .ARM.Collect$$libinit$$00000019  c_w.l(libinit2.o)
    0x08000392   0x08000392   0x00000000   Code   RO         4089    .ARM.Collect$$libinit$$0000001B  c_w.l(libinit2.o)
    0x08000392   0x08000392   0x00000000   Code   RO         4091    .ARM.Collect$$libinit$$0000001D  c_w.l(libinit2.o)
    0x08000392   0x08000392   0x00000000   Code   RO         4093    .ARM.Collect$$libinit$$0000001F  c_w.l(libinit2.o)
    0x08000392   0x08000392   0x00000000   Code   RO         4095    .ARM.Collect$$libinit$$00000021  c_w.l(libinit2.o)
    0x08000392   0x08000392   0x00000000   Code   RO         4097    .ARM.Collect$$libinit$$00000023  c_w.l(libinit2.o)
    0x08000392   0x08000392   0x00000000   Code   RO         4099    .ARM.Collect$$libinit$$00000025  c_w.l(libinit2.o)
    0x08000392   0x08000392   0x00000000   Code   RO         4101    .ARM.Collect$$libinit$$00000027  c_w.l(libinit2.o)
    0x08000392   0x08000392   0x00000000   Code   RO         4105    .ARM.Collect$$libinit$$0000002E  c_w.l(libinit2.o)
    0x08000392   0x08000392   0x00000000   Code   RO         4107    .ARM.Collect$$libinit$$00000030  c_w.l(libinit2.o)
    0x08000392   0x08000392   0x00000000   Code   RO         4109    .ARM.Collect$$libinit$$00000032  c_w.l(libinit2.o)
    0x08000392   0x08000392   0x00000000   Code   RO         4111    .ARM.Collect$$libinit$$00000034  c_w.l(libinit2.o)
    0x08000392   0x08000392   0x00000002   Code   RO         4112    .ARM.Collect$$libinit$$00000035  c_w.l(libinit2.o)
    0x08000394   0x08000394   0x00000002   Code   RO         4239    .ARM.Collect$$libshutdown$$00000000  c_w.l(libshutdown.o)
    0x08000396   0x08000396   0x00000000   Code   RO         4114    .ARM.Collect$$libshutdown$$00000002  c_w.l(libshutdown2.o)
    0x08000396   0x08000396   0x00000000   Code   RO         4116    .ARM.Collect$$libshutdown$$00000004  c_w.l(libshutdown2.o)
    0x08000396   0x08000396   0x00000000   Code   RO         4119    .ARM.Collect$$libshutdown$$00000007  c_w.l(libshutdown2.o)
    0x08000396   0x08000396   0x00000000   Code   RO         4122    .ARM.Collect$$libshutdown$$0000000A  c_w.l(libshutdown2.o)
    0x08000396   0x08000396   0x00000000   Code   RO         4124    .ARM.Collect$$libshutdown$$0000000C  c_w.l(libshutdown2.o)
    0x08000396   0x08000396   0x00000000   Code   RO         4127    .ARM.Collect$$libshutdown$$0000000F  c_w.l(libshutdown2.o)
    0x08000396   0x08000396   0x00000002   Code   RO         4128    .ARM.Collect$$libshutdown$$00000010  c_w.l(libshutdown2.o)
    0x08000398   0x08000398   0x00000000   Code   RO         3807    .ARM.Collect$$rtentry$$00000000  c_w.l(__rtentry.o)
    0x08000398   0x08000398   0x00000000   Code   RO         3887    .ARM.Collect$$rtentry$$00000002  c_w.l(__rtentry2.o)
    0x08000398   0x08000398   0x00000006   Code   RO         3899    .ARM.Collect$$rtentry$$00000004  c_w.l(__rtentry4.o)
    0x0800039e   0x0800039e   0x00000000   Code   RO         3889    .ARM.Collect$$rtentry$$00000009  c_w.l(__rtentry2.o)
    0x0800039e   0x0800039e   0x00000004   Code   RO         3890    .ARM.Collect$$rtentry$$0000000A  c_w.l(__rtentry2.o)
    0x080003a2   0x080003a2   0x00000000   Code   RO         3892    .ARM.Collect$$rtentry$$0000000C  c_w.l(__rtentry2.o)
    0x080003a2   0x080003a2   0x00000008   Code   RO         3893    .ARM.Collect$$rtentry$$0000000D  c_w.l(__rtentry2.o)
    0x080003aa   0x080003aa   0x00000002   Code   RO         4133    .ARM.Collect$$rtexit$$00000000  c_w.l(rtexit.o)
    0x080003ac   0x080003ac   0x00000000   Code   RO         4186    .ARM.Collect$$rtexit$$00000002  c_w.l(rtexit2.o)
    0x080003ac   0x080003ac   0x00000004   Code   RO         4187    .ARM.Collect$$rtexit$$00000003  c_w.l(rtexit2.o)
    0x080003b0   0x080003b0   0x00000006   Code   RO         4188    .ARM.Collect$$rtexit$$00000004  c_w.l(rtexit2.o)
    0x080003b6   0x080003b6   0x00000002   PAD
    0x080003b8   0x080003b8   0x00000040   Code   RO            4    .text               startup_stm32h723xx.o
    0x080003f8   0x080003f8   0x000000f0   Code   RO         3694    .text               c_w.l(lludivv7m.o)
    0x080004e8   0x080004e8   0x00000078   Code   RO         3708    .text               c_w.l(_printf_dec.o)
    0x08000560   0x08000560   0x00000058   Code   RO         3757    .text               c_w.l(memcmp.o)
    0x080005b8   0x080005b8   0x0000008a   Code   RO         3761    .text               c_w.l(rt_memcpy_v6.o)
    0x08000642   0x08000642   0x00000010   Code   RO         3765    .text               c_w.l(aeabi_memset4.o)
    0x08000652   0x08000652   0x0000004e   Code   RO         3769    .text               c_w.l(rt_memclr_w.o)
    0x080006a0   0x080006a0   0x00000006   Code   RO         3771    .text               c_w.l(heapauxi.o)
    0x080006a6   0x080006a6   0x00000016   Code   RO         3812    .text               c_w.l(_rserrno.o)
    0x080006bc   0x080006bc   0x000000b2   Code   RO         3814    .text               c_w.l(_printf_intcommon.o)
    0x0800076e   0x0800076e   0x0000041c   Code   RO         3816    .text               c_w.l(_printf_fp_dec.o)
    0x08000b8a   0x08000b8a   0x00000064   Code   RO         3833    .text               c_w.l(rt_memcpy_w.o)
    0x08000bee   0x08000bee   0x00000002   PAD
    0x08000bf0   0x08000bf0   0x00000008   Code   RO         3906    .text               c_w.l(rt_locale_intlibspace.o)
    0x08000bf8   0x08000bf8   0x00000008   Code   RO         3911    .text               c_w.l(rt_errno_addr_intlibspace.o)
    0x08000c00   0x08000c00   0x0000008a   Code   RO         3913    .text               c_w.l(lludiv10.o)
    0x08000c8a   0x08000c8a   0x00000002   PAD
    0x08000c8c   0x08000c8c   0x00000080   Code   RO         3915    .text               c_w.l(_printf_fp_infnan.o)
    0x08000d0c   0x08000d0c   0x000000e4   Code   RO         3919    .text               c_w.l(bigflt0.o)
    0x08000df0   0x08000df0   0x00000008   Code   RO         3972    .text               c_w.l(libspace.o)
    0x08000df8   0x08000df8   0x0000004a   Code   RO         3977    .text               c_w.l(sys_stackheap_outer.o)
    0x08000e42   0x08000e42   0x00000012   Code   RO         4048    .text               c_w.l(exit.o)
    0x08000e54   0x08000e54   0x00000004   PAD
    0x08000e58   0x08000e58   0x0000007c   Code   RO         4058    .text               c_w.l(strcmpv7m_pel.o)
    0x08000ed4   0x08000ed4   0x0000000c   Code   RO         4178    .text               c_w.l(sys_exit.o)
    0x08000ee0   0x08000ee0   0x00000002   Code   RO         4182    .text               c_w.l(use_no_semi.o)
    0x08000ee2   0x08000ee2   0x00000000   Code   RO         4184    .text               c_w.l(indicate_semi.o)
    0x08000ee2   0x08000ee2   0x00000006   PAD
    0x08000ee8   0x08000ee8   0x00000104   Code   RO         1491    .text.ADC_ConfigureBoostMode  stm32h7xx_hal_adc.o
    0x08000fec   0x08000fec   0x00000004   PAD
    0x08000ff0   0x08000ff0   0x0000005e   Code   RO         1517    .text.ADC_DMAConvCplt  stm32h7xx_hal_adc.o
    0x0800104e   0x0800104e   0x00000002   PAD
    0x08001050   0x08001050   0x00000016   Code   RO         1521    .text.ADC_DMAError  stm32h7xx_hal_adc.o
    0x08001066   0x08001066   0x00000002   PAD
    0x08001068   0x08001068   0x00000006   Code   RO         1519    .text.ADC_DMAHalfConvCplt  stm32h7xx_hal_adc.o
    0x0800106e   0x0800106e   0x00000002   PAD
    0x08001070   0x08001070   0x00000078   Code   RO         1497    .text.ADC_Disable   stm32h7xx_hal_adc.o
    0x080010e8   0x080010e8   0x000000ae   Code   RO         1503    .text.ADC_Enable    stm32h7xx_hal_adc.o
    0x08001196   0x08001196   0x00000002   PAD
    0x08001198   0x08001198   0x00000052   Code   RO         3496    .text.Arm_joint_init_para_set  bsp_arm.o
    0x080011ea   0x080011ea   0x00000006   PAD
    0x080011f0   0x080011f0   0x00000014   Code   RO         3498    .text.Arm_joint_motion_para_set  bsp_arm.o
    0x08001204   0x08001204   0x00000004   PAD
    0x08001208   0x08001208   0x000000c0   Code   RO         3500    .text.Arm_joints_control  bsp_arm.o
    0x080012c8   0x080012c8   0x0000000e   Code   RO         3240    .text.BSP_Buzzer_Init  bsp_buzzer.o
    0x080012d6   0x080012d6   0x00000002   PAD
    0x080012d8   0x080012d8   0x0000001a   Code   RO         3242    .text.BSP_Buzzer_On  bsp_buzzer.o
    0x080012f2   0x080012f2   0x00000006   PAD
    0x080012f8   0x080012f8   0x00000024   Code   RO         3246    .text.BSP_Buzzer_Toggle  bsp_buzzer.o
    0x0800131c   0x0800131c   0x00000004   PAD
    0x08001320   0x08001320   0x00000064   Code   RO         3230    .text.BSP_UserKey_Detect  bsp_user_key.o
    0x08001384   0x08001384   0x00000004   PAD
    0x08001388   0x08001388   0x00000002   Code   RO          259    .text.BusFault_Handler  stm32h7xx_it.o
    0x0800138a   0x0800138a   0x00000006   PAD
    0x08001390   0x08001390   0x00000004   Code   RO          371    .text.CDC_Control_HS  usbd_cdc_if.o
    0x08001394   0x08001394   0x00000004   PAD
    0x08001398   0x08001398   0x00000004   Code   RO          369    .text.CDC_DeInit_HS  usbd_cdc_if.o
    0x0800139c   0x0800139c   0x00000004   PAD
    0x080013a0   0x080013a0   0x0000002c   Code   RO          367    .text.CDC_Init_HS   usbd_cdc_if.o
    0x080013cc   0x080013cc   0x00000004   PAD
    0x080013d0   0x080013d0   0x0000001c   Code   RO          373    .text.CDC_Receive_HS  usbd_cdc_if.o
    0x080013ec   0x080013ec   0x00000004   PAD
    0x080013f0   0x080013f0   0x00000004   Code   RO          375    .text.CDC_TransmitCplt_HS  usbd_cdc_if.o
    0x080013f4   0x080013f4   0x00000004   PAD
    0x080013f8   0x080013f8   0x0000000c   Code   RO          265    .text.DMA1_Stream0_IRQHandler  stm32h7xx_it.o
    0x08001404   0x08001404   0x00000004   PAD
    0x08001408   0x08001408   0x0000000c   Code   RO          267    .text.DMA1_Stream1_IRQHandler  stm32h7xx_it.o
    0x08001414   0x08001414   0x00000004   PAD
    0x08001418   0x08001418   0x0000000c   Code   RO          269    .text.DMA1_Stream2_IRQHandler  stm32h7xx_it.o
    0x08001424   0x08001424   0x00000004   PAD
    0x08001428   0x08001428   0x00000128   Code   RO          885    .text.DMA_CalcBaseAndBitshift  stm32h7xx_hal_dma.o
    0x08001550   0x08001550   0x00000308   Code   RO          891    .text.DMA_SetConfig  stm32h7xx_hal_dma.o
    0x08001858   0x08001858   0x00000026   Code   RO         3484    .text.DWT_Init      dwt.o
    0x0800187e   0x0800187e   0x00000002   PAD
    0x08001880   0x08001880   0x00000002   Code   RO          263    .text.DebugMon_Handler  stm32h7xx_it.o
    0x08001882   0x08001882   0x00000006   PAD
    0x08001888   0x08001888   0x0000000a   Code   RO           37    .text.Error_Handler  main.o
    0x08001892   0x08001892   0x00000006   PAD
    0x08001898   0x08001898   0x0000000c   Code   RO          271    .text.FDCAN1_IT0_IRQHandler  stm32h7xx_it.o
    0x080018a4   0x080018a4   0x00000004   PAD
    0x080018a8   0x080018a8   0x0000000c   Code   RO          275    .text.FDCAN1_IT1_IRQHandler  stm32h7xx_it.o
    0x080018b4   0x080018b4   0x00000004   PAD
    0x080018b8   0x080018b8   0x00000028   Code   RO         3314    .text.FDCAN1_Send_Msg  can_bsp.o
    0x080018e0   0x080018e0   0x0000000c   Code   RO          273    .text.FDCAN2_IT0_IRQHandler  stm32h7xx_it.o
    0x080018ec   0x080018ec   0x00000004   PAD
    0x080018f0   0x080018f0   0x0000000c   Code   RO          277    .text.FDCAN2_IT1_IRQHandler  stm32h7xx_it.o
    0x080018fc   0x080018fc   0x00000004   PAD
    0x08001900   0x08001900   0x0000000c   Code   RO          291    .text.FDCAN3_IT0_IRQHandler  stm32h7xx_it.o
    0x0800190c   0x0800190c   0x00000004   PAD
    0x08001910   0x08001910   0x0000000c   Code   RO          293    .text.FDCAN3_IT1_IRQHandler  stm32h7xx_it.o
    0x0800191c   0x0800191c   0x00000004   PAD
    0x08001920   0x08001920   0x00000048   Code   RO         3553    .text.FunTest_Entry  fun_test_task.o
    0x08001968   0x08001968   0x000000d8   Code   RO         1553    .text.HAL_ADCEx_Calibration_Start  stm32h7xx_hal_adc_ex.o
    0x08001a40   0x08001a40   0x000000b0   Code   RO         1603    .text.HAL_ADCEx_MultiModeConfigChannel  stm32h7xx_hal_adc_ex.o
    0x08001af0   0x08001af0   0x00000546   Code   RO         1537    .text.HAL_ADC_ConfigChannel  stm32h7xx_hal_adc.o
    0x08002036   0x08002036   0x00000002   PAD
    0x08002038   0x08002038   0x00000002   Code   RO         1529    .text.HAL_ADC_ConvCpltCallback  stm32h7xx_hal_adc.o
    0x0800203a   0x0800203a   0x00000006   PAD
    0x08002040   0x08002040   0x00000002   Code   RO         1535    .text.HAL_ADC_ConvHalfCpltCallback  stm32h7xx_hal_adc.o
    0x08002042   0x08002042   0x00000006   PAD
    0x08002048   0x08002048   0x00000002   Code   RO         1533    .text.HAL_ADC_ErrorCallback  stm32h7xx_hal_adc.o
    0x0800204a   0x0800204a   0x00000006   PAD
    0x08002050   0x08002050   0x00000310   Code   RO         1487    .text.HAL_ADC_Init  stm32h7xx_hal_adc.o
    0x08002360   0x08002360   0x00000122   Code   RO          119    .text.HAL_ADC_MspInit  adc.o
    0x08002482   0x08002482   0x00000006   PAD
    0x08002488   0x08002488   0x00000134   Code   RO         1515    .text.HAL_ADC_Start_DMA  stm32h7xx_hal_adc.o
    0x080025bc   0x080025bc   0x00000004   PAD
    0x080025c0   0x080025c0   0x0000052e   Code   RO          895    .text.HAL_DMA_Abort  stm32h7xx_hal_dma.o
    0x08002aee   0x08002aee   0x00000002   PAD
    0x08002af0   0x08002af0   0x000002b8   Code   RO          897    .text.HAL_DMA_Abort_IT  stm32h7xx_hal_dma.o
    0x08002da8   0x08002da8   0x00000004   Code   RO          909    .text.HAL_DMA_GetError  stm32h7xx_hal_dma.o
    0x08002dac   0x08002dac   0x00000004   PAD
    0x08002db0   0x08002db0   0x00000818   Code   RO          901    .text.HAL_DMA_IRQHandler  stm32h7xx_hal_dma.o
    0x080035c8   0x080035c8   0x00000658   Code   RO          883    .text.HAL_DMA_Init  stm32h7xx_hal_dma.o
    0x08003c20   0x08003c20   0x000003a6   Code   RO          893    .text.HAL_DMA_Start_IT  stm32h7xx_hal_dma.o
    0x08003fc6   0x08003fc6   0x00000002   PAD
    0x08003fc8   0x08003fc8   0x00000028   Code   RO         1189    .text.HAL_Delay     stm32h7xx_hal.o
    0x08003ff0   0x08003ff0   0x0000008c   Code   RO         1769    .text.HAL_FDCAN_ActivateNotification  stm32h7xx_hal_fdcan.o
    0x0800407c   0x0800407c   0x00000004   PAD
    0x08004080   0x08004080   0x000000ea   Code   RO         1691    .text.HAL_FDCAN_AddMessageToTxFifoQ  stm32h7xx_hal_fdcan.o
    0x0800416a   0x0800416a   0x00000006   PAD
    0x08004170   0x08004170   0x00000002   Code   RO         1783    .text.HAL_FDCAN_ClockCalibrationCallback  stm32h7xx_hal_fdcan.o
    0x08004172   0x08004172   0x00000006   PAD
    0x08004178   0x08004178   0x0000008c   Code   RO         1643    .text.HAL_FDCAN_ConfigFilter  stm32h7xx_hal_fdcan.o
    0x08004204   0x08004204   0x00000004   PAD
    0x08004208   0x08004208   0x00000038   Code   RO         1645    .text.HAL_FDCAN_ConfigGlobalFilter  stm32h7xx_hal_fdcan.o
    0x08004240   0x08004240   0x00000002   Code   RO         1811    .text.HAL_FDCAN_ErrorCallback  stm32h7xx_hal_fdcan.o
    0x08004242   0x08004242   0x00000006   PAD
    0x08004248   0x08004248   0x00000002   Code   RO         1801    .text.HAL_FDCAN_ErrorStatusCallback  stm32h7xx_hal_fdcan.o
    0x0800424a   0x0800424a   0x00000006   PAD
    0x08004250   0x08004250   0x000001e6   Code   RO         1701    .text.HAL_FDCAN_GetRxMessage  stm32h7xx_hal_fdcan.o
    0x08004436   0x08004436   0x00000002   PAD
    0x08004438   0x08004438   0x00000002   Code   RO         1779    .text.HAL_FDCAN_HighPriorityMessageCallback  stm32h7xx_hal_fdcan.o
    0x0800443a   0x0800443a   0x00000006   PAD
    0x08004440   0x08004440   0x00000322   Code   RO         1777    .text.HAL_FDCAN_IRQHandler  stm32h7xx_hal_fdcan.o
    0x08004762   0x08004762   0x00000006   PAD
    0x08004768   0x08004768   0x00000400   Code   RO         1621    .text.HAL_FDCAN_Init  stm32h7xx_hal_fdcan.o
    0x08004b68   0x08004b68   0x000001c4   Code   RO          152    .text.HAL_FDCAN_MspInit  fdcan.o
    0x08004d2c   0x08004d2c   0x00000004   PAD
    0x08004d30   0x08004d30   0x00000002   Code   RO         1795    .text.HAL_FDCAN_RxBufferNewMessageCallback  stm32h7xx_hal_fdcan.o
    0x08004d32   0x08004d32   0x00000006   PAD
    0x08004d38   0x08004d38   0x000000b2   Code   RO         3324    .text.HAL_FDCAN_RxFifo0Callback  can_bsp.o
    0x08004dea   0x08004dea   0x00000006   PAD
    0x08004df0   0x08004df0   0x00000002   Code   RO         1789    .text.HAL_FDCAN_RxFifo1Callback  stm32h7xx_hal_fdcan.o
    0x08004df2   0x08004df2   0x00000006   PAD
    0x08004df8   0x08004df8   0x00000034   Code   RO         1689    .text.HAL_FDCAN_Start  stm32h7xx_hal_fdcan.o
    0x08004e2c   0x08004e2c   0x00000004   PAD
    0x08004e30   0x08004e30   0x00000002   Code   RO         1809    .text.HAL_FDCAN_TT_GlobalTimeCallback  stm32h7xx_hal_fdcan.o
    0x08004e32   0x08004e32   0x00000006   PAD
    0x08004e38   0x08004e38   0x00000002   Code   RO         1803    .text.HAL_FDCAN_TT_ScheduleSyncCallback  stm32h7xx_hal_fdcan.o
    0x08004e3a   0x08004e3a   0x00000006   PAD
    0x08004e40   0x08004e40   0x00000002   Code   RO         1807    .text.HAL_FDCAN_TT_StopWatchCallback  stm32h7xx_hal_fdcan.o
    0x08004e42   0x08004e42   0x00000006   PAD
    0x08004e48   0x08004e48   0x00000002   Code   RO         1805    .text.HAL_FDCAN_TT_TimeMarkCallback  stm32h7xx_hal_fdcan.o
    0x08004e4a   0x08004e4a   0x00000006   PAD
    0x08004e50   0x08004e50   0x00000002   Code   RO         1799    .text.HAL_FDCAN_TimeoutOccurredCallback  stm32h7xx_hal_fdcan.o
    0x08004e52   0x08004e52   0x00000006   PAD
    0x08004e58   0x08004e58   0x00000002   Code   RO         1797    .text.HAL_FDCAN_TimestampWraparoundCallback  stm32h7xx_hal_fdcan.o
    0x08004e5a   0x08004e5a   0x00000006   PAD
    0x08004e60   0x08004e60   0x00000002   Code   RO         1781    .text.HAL_FDCAN_TxBufferAbortCallback  stm32h7xx_hal_fdcan.o
    0x08004e62   0x08004e62   0x00000006   PAD
    0x08004e68   0x08004e68   0x00000002   Code   RO         1793    .text.HAL_FDCAN_TxBufferCompleteCallback  stm32h7xx_hal_fdcan.o
    0x08004e6a   0x08004e6a   0x00000006   PAD
    0x08004e70   0x08004e70   0x00000002   Code   RO         1785    .text.HAL_FDCAN_TxEventFifoCallback  stm32h7xx_hal_fdcan.o
    0x08004e72   0x08004e72   0x00000006   PAD
    0x08004e78   0x08004e78   0x00000002   Code   RO         1791    .text.HAL_FDCAN_TxFifoEmptyCallback  stm32h7xx_hal_fdcan.o
    0x08004e7a   0x08004e7a   0x00000006   PAD
    0x08004e80   0x08004e80   0x00000110   Code   RO          831    .text.HAL_GPIO_DeInit  stm32h7xx_hal_gpio.o
    0x08004f90   0x08004f90   0x000001a2   Code   RO          829    .text.HAL_GPIO_Init  stm32h7xx_hal_gpio.o
    0x08005132   0x08005132   0x00000006   PAD
    0x08005138   0x08005138   0x0000000a   Code   RO          833    .text.HAL_GPIO_ReadPin  stm32h7xx_hal_gpio.o
    0x08005142   0x08005142   0x00000006   PAD
    0x08005148   0x08005148   0x0000000a   Code   RO          835    .text.HAL_GPIO_WritePin  stm32h7xx_hal_gpio.o
    0x08005152   0x08005152   0x00000006   PAD
    0x08005158   0x08005158   0x0000000c   Code   RO         1181    .text.HAL_GetTick   stm32h7xx_hal.o
    0x08005164   0x08005164   0x00000004   PAD
    0x08005168   0x08005168   0x0000001a   Code   RO         1179    .text.HAL_IncTick   stm32h7xx_hal.o
    0x08005182   0x08005182   0x00000006   PAD
    0x08005188   0x08005188   0x00000064   Code   RO         1169    .text.HAL_Init      stm32h7xx_hal.o
    0x080051ec   0x080051ec   0x00000004   PAD
    0x080051f0   0x080051f0   0x000000a0   Code   RO          313    .text.HAL_InitTick  stm32h7xx_hal_timebase_tim.o
    0x08005290   0x08005290   0x0000002a   Code   RO          304    .text.HAL_MspInit   stm32h7xx_hal_msp.o
    0x080052ba   0x080052ba   0x00000006   PAD
    0x080052c0   0x080052c0   0x00000022   Code   RO         1121    .text.HAL_NVIC_EnableIRQ  stm32h7xx_hal_cortex.o
    0x080052e2   0x080052e2   0x00000006   PAD
    0x080052e8   0x080052e8   0x0000005a   Code   RO         1119    .text.HAL_NVIC_SetPriority  stm32h7xx_hal_cortex.o
    0x08005342   0x08005342   0x00000006   PAD
    0x08005348   0x08005348   0x00000020   Code   RO         1117    .text.HAL_NVIC_SetPriorityGrouping  stm32h7xx_hal_cortex.o
    0x08005368   0x08005368   0x00000614   Code   RO         1905    .text.HAL_OSPIM_Config  stm32h7xx_hal_ospi.o
    0x0800597c   0x0800597c   0x00000004   PAD
    0x08005980   0x08005980   0x00000028   Code   RO         1833    .text.HAL_OSPI_DeInit  stm32h7xx_hal_ospi.o
    0x080059a8   0x080059a8   0x00000128   Code   RO         1827    .text.HAL_OSPI_Init  stm32h7xx_hal_ospi.o
    0x08005ad0   0x08005ad0   0x0000005e   Code   RO          173    .text.HAL_OSPI_MspDeInit  octospi.o
    0x08005b2e   0x08005b2e   0x00000002   PAD
    0x08005b30   0x08005b30   0x0000015e   Code   RO          171    .text.HAL_OSPI_MspInit  octospi.o
    0x08005c8e   0x08005c8e   0x00000002   PAD
    0x08005c90   0x08005c90   0x00000026   Code   RO          542    .text.HAL_PCDEx_ActivateLPM  stm32h7xx_hal_pcd_ex.o
    0x08005cb6   0x08005cb6   0x00000002   PAD
    0x08005cb8   0x08005cb8   0x00000002   Code   RO          554    .text.HAL_PCDEx_LPM_Callback  stm32h7xx_hal_pcd_ex.o
    0x08005cba   0x08005cba   0x00000006   PAD
    0x08005cc0   0x08005cc0   0x00000008   Code   RO          540    .text.HAL_PCDEx_SetRxFiFo  stm32h7xx_hal_pcd_ex.o
    0x08005cc8   0x08005cc8   0x000000da   Code   RO          538    .text.HAL_PCDEx_SetTxFiFo  stm32h7xx_hal_pcd_ex.o
    0x08005da2   0x08005da2   0x00000006   PAD
    0x08005da8   0x08005da8   0x00000008   Code   RO          412    .text.HAL_PCD_ConnectCallback  usbd_conf.o
    0x08005db0   0x08005db0   0x00000012   Code   RO          398    .text.HAL_PCD_DataInStageCallback  usbd_conf.o
    0x08005dc2   0x08005dc2   0x00000006   PAD
    0x08005dc8   0x08005dc8   0x00000014   Code   RO          396    .text.HAL_PCD_DataOutStageCallback  usbd_conf.o
    0x08005ddc   0x08005ddc   0x00000004   PAD
    0x08005de0   0x08005de0   0x00000008   Code   RO          414    .text.HAL_PCD_DisconnectCallback  usbd_conf.o
    0x08005de8   0x08005de8   0x00000056   Code   RO          508    .text.HAL_PCD_EP_Close  stm32h7xx_hal_pcd.o
    0x08005e3e   0x08005e3e   0x00000002   PAD
    0x08005e40   0x08005e40   0x00000068   Code   RO          518    .text.HAL_PCD_EP_ClrStall  stm32h7xx_hal_pcd.o
    0x08005ea8   0x08005ea8   0x00000012   Code   RO          512    .text.HAL_PCD_EP_GetRxCount  stm32h7xx_hal_pcd.o
    0x08005eba   0x08005eba   0x00000006   PAD
    0x08005ec0   0x08005ec0   0x00000068   Code   RO          506    .text.HAL_PCD_EP_Open  stm32h7xx_hal_pcd.o
    0x08005f28   0x08005f28   0x0000003a   Code   RO          510    .text.HAL_PCD_EP_Receive  stm32h7xx_hal_pcd.o
    0x08005f62   0x08005f62   0x00000006   PAD
    0x08005f68   0x08005f68   0x0000007c   Code   RO          516    .text.HAL_PCD_EP_SetStall  stm32h7xx_hal_pcd.o
    0x08005fe4   0x08005fe4   0x00000004   PAD
    0x08005fe8   0x08005fe8   0x0000003e   Code   RO          514    .text.HAL_PCD_EP_Transmit  stm32h7xx_hal_pcd.o
    0x08006026   0x08006026   0x00000002   PAD
    0x08006028   0x08006028   0x000009bc   Code   RO          474    .text.HAL_PCD_IRQHandler  stm32h7xx_hal_pcd.o
    0x080069e4   0x080069e4   0x00000004   PAD
    0x080069e8   0x080069e8   0x00000008   Code   RO          410    .text.HAL_PCD_ISOINIncompleteCallback  usbd_conf.o
    0x080069f0   0x080069f0   0x00000008   Code   RO          408    .text.HAL_PCD_ISOOUTIncompleteCallback  usbd_conf.o
    0x080069f8   0x080069f8   0x00000282   Code   RO          462    .text.HAL_PCD_Init  stm32h7xx_hal_pcd.o
    0x08006c7a   0x08006c7a   0x00000006   PAD
    0x08006c80   0x08006c80   0x00000072   Code   RO          390    .text.HAL_PCD_MspInit  usbd_conf.o
    0x08006cf2   0x08006cf2   0x00000006   PAD
    0x08006cf8   0x08006cf8   0x0000002a   Code   RO          402    .text.HAL_PCD_ResetCallback  usbd_conf.o
    0x08006d22   0x08006d22   0x00000006   PAD
    0x08006d28   0x08006d28   0x00000008   Code   RO          406    .text.HAL_PCD_ResumeCallback  usbd_conf.o
    0x08006d30   0x08006d30   0x00000008   Code   RO          400    .text.HAL_PCD_SOFCallback  usbd_conf.o
    0x08006d38   0x08006d38   0x00000026   Code   RO          504    .text.HAL_PCD_SetAddress  stm32h7xx_hal_pcd.o
    0x08006d5e   0x08006d5e   0x00000002   PAD
    0x08006d60   0x08006d60   0x0000000e   Code   RO          394    .text.HAL_PCD_SetupStageCallback  usbd_conf.o
    0x08006d6e   0x08006d6e   0x00000002   PAD
    0x08006d70   0x08006d70   0x0000003e   Code   RO          470    .text.HAL_PCD_Start  stm32h7xx_hal_pcd.o
    0x08006dae   0x08006dae   0x00000002   PAD
    0x08006db0   0x08006db0   0x00000034   Code   RO          404    .text.HAL_PCD_SuspendCallback  usbd_conf.o
    0x08006de4   0x08006de4   0x00000004   PAD
    0x08006de8   0x08006de8   0x0000004c   Code   RO         1033    .text.HAL_PWREx_ConfigSupply  stm32h7xx_hal_pwr_ex.o
    0x08006e34   0x08006e34   0x00000004   PAD
    0x08006e38   0x08006e38   0x00000012   Code   RO         1083    .text.HAL_PWREx_EnableUSBVoltageDetector  stm32h7xx_hal_pwr_ex.o
    0x08006e4a   0x08006e4a   0x00000006   PAD
    0x08006e50   0x08006e50   0x00000026   Code   RO          720    .text.HAL_RCCEx_GetD3PCLK1Freq  stm32h7xx_hal_rcc_ex.o
    0x08006e76   0x08006e76   0x00000002   PAD
    0x08006e78   0x08006e78   0x00000134   Code   RO          714    .text.HAL_RCCEx_GetPLL1ClockFreq  stm32h7xx_hal_rcc_ex.o
    0x08006fac   0x08006fac   0x00000004   PAD
    0x08006fb0   0x08006fb0   0x0000012c   Code   RO          716    .text.HAL_RCCEx_GetPLL2ClockFreq  stm32h7xx_hal_rcc_ex.o
    0x080070dc   0x080070dc   0x00000004   PAD
    0x080070e0   0x080070e0   0x0000012c   Code   RO          718    .text.HAL_RCCEx_GetPLL3ClockFreq  stm32h7xx_hal_rcc_ex.o
    0x0800720c   0x0800720c   0x00000004   PAD
    0x08007210   0x08007210   0x0000037e   Code   RO          712    .text.HAL_RCCEx_GetPeriphCLKFreq  stm32h7xx_hal_rcc_ex.o
    0x0800758e   0x0800758e   0x00000002   PAD
    0x08007590   0x08007590   0x00000aa8   Code   RO          704    .text.HAL_RCCEx_PeriphCLKConfig  stm32h7xx_hal_rcc_ex.o
    0x08008038   0x08008038   0x00000268   Code   RO          672    .text.HAL_RCC_ClockConfig  stm32h7xx_hal_rcc.o
    0x080082a0   0x080082a0   0x00000058   Code   RO          690    .text.HAL_RCC_GetClockConfig  stm32h7xx_hal_rcc.o
    0x080082f8   0x080082f8   0x0000004c   Code   RO          682    .text.HAL_RCC_GetHCLKFreq  stm32h7xx_hal_rcc.o
    0x08008344   0x08008344   0x00000004   PAD
    0x08008348   0x08008348   0x00000060   Code   RO          684    .text.HAL_RCC_GetPCLK1Freq  stm32h7xx_hal_rcc.o
    0x080083a8   0x080083a8   0x00000060   Code   RO          686    .text.HAL_RCC_GetPCLK2Freq  stm32h7xx_hal_rcc.o
    0x08008408   0x08008408   0x00000118   Code   RO          674    .text.HAL_RCC_GetSysClockFreq  stm32h7xx_hal_rcc.o
    0x08008520   0x08008520   0x000000a4   Code   RO          676    .text.HAL_RCC_MCOConfig  stm32h7xx_hal_rcc.o
    0x080085c4   0x080085c4   0x00000004   PAD
    0x080085c8   0x080085c8   0x0000052c   Code   RO          670    .text.HAL_RCC_OscConfig  stm32h7xx_hal_rcc.o
    0x08008af4   0x08008af4   0x00000004   PAD
    0x08008af8   0x08008af8   0x00000084   Code   RO         2509    .text.HAL_RS485Ex_Init  stm32h7xx_hal_uart_ex.o
    0x08008b7c   0x08008b7c   0x00000004   PAD
    0x08008b80   0x08008b80   0x000001ba   Code   RO         1917    .text.HAL_SPI_Init  stm32h7xx_hal_spi.o
    0x08008d3a   0x08008d3a   0x00000006   PAD
    0x08008d40   0x08008d40   0x00000156   Code   RO          188    .text.HAL_SPI_MspInit  spi.o
    0x08008e96   0x08008e96   0x00000002   PAD
    0x08008e98   0x08008e98   0x00000298   Code   RO         1925    .text.HAL_SPI_Transmit  stm32h7xx_hal_spi.o
    0x08009130   0x08009130   0x00000002   Code   RO         2350    .text.HAL_TIMEx_Break2Callback  stm32h7xx_hal_tim_ex.o
    0x08009132   0x08009132   0x00000006   PAD
    0x08009138   0x08009138   0x00000002   Code   RO         2348    .text.HAL_TIMEx_BreakCallback  stm32h7xx_hal_tim_ex.o
    0x0800913a   0x0800913a   0x00000006   PAD
    0x08009140   0x08009140   0x00000002   Code   RO         2344    .text.HAL_TIMEx_CommutCallback  stm32h7xx_hal_tim_ex.o
    0x08009142   0x08009142   0x00000006   PAD
    0x08009148   0x08009148   0x000000de   Code   RO         2328    .text.HAL_TIMEx_MasterConfigSynchronization  stm32h7xx_hal_tim_ex.o
    0x08009226   0x08009226   0x00000002   PAD
    0x08009228   0x08009228   0x00000060   Code   RO         2033    .text.HAL_TIM_Base_Init  stm32h7xx_hal_tim.o
    0x08009288   0x08009288   0x00000002   Code   RO         2035    .text.HAL_TIM_Base_MspInit  stm32h7xx_hal_tim.o
    0x0800928a   0x0800928a   0x00000006   PAD
    0x08009290   0x08009290   0x000000dc   Code   RO         2047    .text.HAL_TIM_Base_Start_IT  stm32h7xx_hal_tim.o
    0x0800936c   0x0800936c   0x00000004   PAD
    0x08009370   0x08009370   0x00000002   Code   RO         2169    .text.HAL_TIM_IC_CaptureCallback  stm32h7xx_hal_tim.o
    0x08009372   0x08009372   0x00000006   PAD
    0x08009378   0x08009378   0x0000016c   Code   RO         2167    .text.HAL_TIM_IRQHandler  stm32h7xx_hal_tim.o
    0x080094e4   0x080094e4   0x00000004   PAD
    0x080094e8   0x080094e8   0x00000002   Code   RO         2171    .text.HAL_TIM_OC_DelayElapsedCallback  stm32h7xx_hal_tim.o
    0x080094ea   0x080094ea   0x00000006   PAD
    0x080094f0   0x080094f0   0x000004b8   Code   RO         2187    .text.HAL_TIM_PWM_ConfigChannel  stm32h7xx_hal_tim.o
    0x080099a8   0x080099a8   0x00000060   Code   RO         2087    .text.HAL_TIM_PWM_Init  stm32h7xx_hal_tim.o
    0x08009a08   0x08009a08   0x0000005a   Code   RO          208    .text.HAL_TIM_PWM_MspInit  tim.o
    0x08009a62   0x08009a62   0x00000006   PAD
    0x08009a68   0x08009a68   0x00000002   Code   RO         2173    .text.HAL_TIM_PWM_PulseFinishedCallback  stm32h7xx_hal_tim.o
    0x08009a6a   0x08009a6a   0x00000006   PAD
    0x08009a70   0x08009a70   0x000001a0   Code   RO         2095    .text.HAL_TIM_PWM_Start  stm32h7xx_hal_tim.o
    0x08009c10   0x08009c10   0x00000014   Code   RO           39    .text.HAL_TIM_PeriodElapsedCallback  main.o
    0x08009c24   0x08009c24   0x00000004   PAD
    0x08009c28   0x08009c28   0x00000002   Code   RO         2177    .text.HAL_TIM_TriggerCallback  stm32h7xx_hal_tim.o
    0x08009c2a   0x08009c2a   0x00000006   PAD
    0x08009c30   0x08009c30   0x00000036   Code   RO         2527    .text.HAL_UARTEx_DisableFifoMode  stm32h7xx_hal_uart_ex.o
    0x08009c66   0x08009c66   0x00000002   PAD
    0x08009c68   0x08009c68   0x00000098   Code   RO         2537    .text.HAL_UARTEx_ReceiveToIdle_DMA  stm32h7xx_hal_uart_ex.o
    0x08009d00   0x08009d00   0x000000a0   Code   RO         3464    .text.HAL_UARTEx_RxEventCallback  go-m8010-6.o
    0x08009da0   0x08009da0   0x00000002   Code   RO         2513    .text.HAL_UARTEx_RxFifoFullCallback  stm32h7xx_hal_uart_ex.o
    0x08009da2   0x08009da2   0x00000006   PAD
    0x08009da8   0x08009da8   0x00000090   Code   RO         2531    .text.HAL_UARTEx_SetRxFifoThreshold  stm32h7xx_hal_uart_ex.o
    0x08009e38   0x08009e38   0x00000090   Code   RO         2529    .text.HAL_UARTEx_SetTxFifoThreshold  stm32h7xx_hal_uart_ex.o
    0x08009ec8   0x08009ec8   0x00000002   Code   RO         2515    .text.HAL_UARTEx_TxFifoEmptyCallback  stm32h7xx_hal_uart_ex.o
    0x08009eca   0x08009eca   0x00000006   PAD
    0x08009ed0   0x08009ed0   0x00000002   Code   RO         2511    .text.HAL_UARTEx_WakeupCallback  stm32h7xx_hal_uart_ex.o
    0x08009ed2   0x08009ed2   0x00000006   PAD
    0x08009ed8   0x08009ed8   0x00000226   Code   RO         2422    .text.HAL_UART_Abort  stm32h7xx_hal_uart.o
    0x0800a0fe   0x0800a0fe   0x00000002   PAD
    0x0800a100   0x0800a100   0x0000003e   Code   RO         3466    .text.HAL_UART_ErrorCallback  go-m8010-6.o
    0x0800a13e   0x0800a13e   0x00000002   PAD
    0x0800a140   0x0800a140   0x00000760   Code   RO         2448    .text.HAL_UART_IRQHandler  stm32h7xx_hal_uart.o
    0x0800a8a0   0x0800a8a0   0x00000064   Code   RO         2364    .text.HAL_UART_Init  stm32h7xx_hal_uart.o
    0x0800a904   0x0800a904   0x00000004   PAD
    0x0800a908   0x0800a908   0x00000342   Code   RO          232    .text.HAL_UART_MspInit  usart.o
    0x0800ac4a   0x0800ac4a   0x00000006   PAD
    0x0800ac50   0x0800ac50   0x000000ac   Code   RO         2400    .text.HAL_UART_Receive_IT  stm32h7xx_hal_uart.o
    0x0800acfc   0x0800acfc   0x00000004   PAD
    0x0800ad00   0x0800ad00   0x000000ca   Code   RO         3555    .text.HAL_UART_RxCpltCallback  fun_test_task.o
    0x0800adca   0x0800adca   0x00000006   PAD
    0x0800add0   0x0800add0   0x00000002   Code   RO         2462    .text.HAL_UART_RxHalfCpltCallback  stm32h7xx_hal_uart.o
    0x0800add2   0x0800add2   0x00000006   PAD
    0x0800add8   0x0800add8   0x000000d2   Code   RO         2404    .text.HAL_UART_Transmit_DMA  stm32h7xx_hal_uart.o
    0x0800aeaa   0x0800aeaa   0x00000006   PAD
    0x0800aeb0   0x0800aeb0   0x0000001e   Code   RO         3462    .text.HAL_UART_TxCpltCallback  go-m8010-6.o
    0x0800aece   0x0800aece   0x00000002   PAD
    0x0800aed0   0x0800aed0   0x00000002   Code   RO         2458    .text.HAL_UART_TxHalfCpltCallback  stm32h7xx_hal_uart.o
    0x0800aed2   0x0800aed2   0x00000006   PAD
    0x0800aed8   0x0800aed8   0x00000002   Code   RO          255    .text.HardFault_Handler  stm32h7xx_it.o
    0x0800aeda   0x0800aeda   0x00000006   PAD
    0x0800aee0   0x0800aee0   0x00000008   Code   RO         3535    .text.ImuTask_Entry  imu_task.o
    0x0800aee8   0x0800aee8   0x0000022c   Code   RO         3378    .text.Init_Motor    cybergear.o
    0x0800b114   0x0800b114   0x00000004   PAD
    0x0800b118   0x0800b118   0x00000072   Code   RO         3386    .text.Init_Motor_All  cybergear.o
    0x0800b18a   0x0800b18a   0x00000006   PAD
    0x0800b190   0x0800b190   0x00000088   Code   RO         3588    .text.KinematicsTask_Entry  kinematic_task.o
    0x0800b218   0x0800b218   0x00000008   Code   RO         3518    .text.LcdTask_Entry  lcd_task.o
    0x0800b220   0x0800b220   0x000000ce   Code   RO          117    .text.MX_ADC1_Init  adc.o
    0x0800b2ee   0x0800b2ee   0x00000002   PAD
    0x0800b2f0   0x0800b2f0   0x00000054   Code   RO          133    .text.MX_DMA_Init   dma.o
    0x0800b344   0x0800b344   0x00000004   PAD
    0x0800b348   0x0800b348   0x00000072   Code   RO          146    .text.MX_FDCAN1_Init  fdcan.o
    0x0800b3ba   0x0800b3ba   0x00000006   PAD
    0x0800b3c0   0x0800b3c0   0x0000006a   Code   RO          148    .text.MX_FDCAN2_Init  fdcan.o
    0x0800b42a   0x0800b42a   0x00000006   PAD
    0x0800b430   0x0800b430   0x0000006a   Code   RO          150    .text.MX_FDCAN3_Init  fdcan.o
    0x0800b49a   0x0800b49a   0x00000006   PAD
    0x0800b4a0   0x0800b4a0   0x00000218   Code   RO           68    .text.MX_FREERTOS_Init  freertos.o
    0x0800b6b8   0x0800b6b8   0x000001d4   Code   RO           54    .text.MX_GPIO_Init  gpio.o
    0x0800b88c   0x0800b88c   0x00000004   PAD
    0x0800b890   0x0800b890   0x00000094   Code   RO          169    .text.MX_OCTOSPI2_Init  octospi.o
    0x0800b924   0x0800b924   0x00000004   PAD
    0x0800b928   0x0800b928   0x00000062   Code   RO          184    .text.MX_SPI2_Init  spi.o
    0x0800b98a   0x0800b98a   0x00000006   PAD
    0x0800b990   0x0800b990   0x00000066   Code   RO          186    .text.MX_SPI6_Init  spi.o
    0x0800b9f6   0x0800b9f6   0x00000002   PAD
    0x0800b9f8   0x0800b9f8   0x000000e6   Code   RO          206    .text.MX_TIM12_Init  tim.o
    0x0800bade   0x0800bade   0x00000002   PAD
    0x0800bae0   0x0800bae0   0x000000ea   Code   RO          202    .text.MX_TIM3_Init  tim.o
    0x0800bbca   0x0800bbca   0x00000006   PAD
    0x0800bbd0   0x0800bbd0   0x0000007c   Code   RO          222    .text.MX_UART7_Init  usart.o
    0x0800bc4c   0x0800bc4c   0x00000004   PAD
    0x0800bc50   0x0800bc50   0x0000007c   Code   RO          230    .text.MX_USART10_UART_Init  usart.o
    0x0800bccc   0x0800bccc   0x00000004   PAD
    0x0800bcd0   0x0800bcd0   0x0000007c   Code   RO          224    .text.MX_USART1_UART_Init  usart.o
    0x0800bd4c   0x0800bd4c   0x00000004   PAD
    0x0800bd50   0x0800bd50   0x00000084   Code   RO          226    .text.MX_USART2_UART_Init  usart.o
    0x0800bdd4   0x0800bdd4   0x00000004   PAD
    0x0800bdd8   0x0800bdd8   0x00000080   Code   RO          228    .text.MX_USART3_UART_Init  usart.o
    0x0800be58   0x0800be58   0x0000006c   Code   RO          328    .text.MX_USB_DEVICE_Init  usb_device.o
    0x0800bec4   0x0800bec4   0x00000004   PAD
    0x0800bec8   0x0800bec8   0x00000002   Code   RO          257    .text.MemManage_Handler  stm32h7xx_it.o
    0x0800beca   0x0800beca   0x00000006   PAD
    0x0800bed0   0x0800bed0   0x000001f4   Code   RO         3406    .text.Motion_Mode_Enable_Set  cybergear.o
    0x0800c0c4   0x0800c0c4   0x00000004   PAD
    0x0800c0c8   0x0800c0c8   0x000000bc   Code   RO         3579    .text.MotorCommTask_Entry  motor_comm_task.o
    0x0800c184   0x0800c184   0x00000004   PAD
    0x0800c188   0x0800c188   0x000002d8   Code   RO         3394    .text.Motor_Data_Handler  cybergear.o
    0x0800c460   0x0800c460   0x00000002   Code   RO          253    .text.NMI_Handler   stm32h7xx_it.o
    0x0800c462   0x0800c462   0x00000006   PAD
    0x0800c468   0x0800c468   0x0000000c   Code   RO          285    .text.OTG_HS_IRQHandler  stm32h7xx_it.o
    0x0800c474   0x0800c474   0x0000000c   PAD
    0x0800c480   0x0800c480   0x00000064   Code   RO         3074    .text.PendSV_Handler  port.o
    0x0800c4e4   0x0800c4e4   0x00000004   PAD
    0x0800c4e8   0x0800c4e8   0x00000032   Code   RO         3432    .text.Power_Enable  bsp_power_enable.o
    0x0800c51a   0x0800c51a   0x00000006   PAD
    0x0800c520   0x0800c520   0x00000122   Code   RO          706    .text.RCCEx_PLL2_Config  stm32h7xx_hal_rcc_ex.o
    0x0800c642   0x0800c642   0x00000006   PAD
    0x0800c648   0x0800c648   0x00000122   Code   RO          708    .text.RCCEx_PLL3_Config  stm32h7xx_hal_rcc_ex.o
    0x0800c76a   0x0800c76a   0x00000006   PAD
    0x0800c770   0x0800c770   0x00000792   Code   RO         3570    .text.RgbTask_Entry  rgb_task.o
    0x0800cf02   0x0800cf02   0x00000006   PAD
    0x0800cf08   0x0800cf08   0x00000056   Code   RO         3460    .text.SERVO_Send_recv  go-m8010-6.o
    0x0800cf5e   0x0800cf5e   0x00000002   PAD
    0x0800cf60   0x0800cf60   0x000000d0   Code   RO         1927    .text.SPI_CloseTransfer  stm32h7xx_hal_spi.o
    0x0800d030   0x0800d030   0x00000024   Code   RO         3058    .text.SVC_Handler   port.o
    0x0800d054   0x0800d054   0x00000004   PAD
    0x0800d058   0x0800d058   0x00000288   Code   RO         3598    .text.SafeMonitorTask_Entry  safe_monitor_task.o
    0x0800d2e0   0x0800d2e0   0x0000000c   Code   RO           70    .text.StartDefaultTask  freertos.o
    0x0800d2ec   0x0800d2ec   0x00000004   PAD
    0x0800d2f0   0x0800d2f0   0x0000002e   Code   RO         3076    .text.SysTick_Handler  port.o
    0x0800d31e   0x0800d31e   0x00000002   PAD
    0x0800d320   0x0800d320   0x000000dc   Code   RO           35    .text.SystemClock_Config  main.o
    0x0800d3fc   0x0800d3fc   0x00000004   PAD
    0x0800d400   0x0800d400   0x000000b0   Code   RO         2550    .text.SystemInit    system_stm32h7xx.o
    0x0800d4b0   0x0800d4b0   0x0000000c   Code   RO          295    .text.TIM23_IRQHandler  stm32h7xx_it.o
    0x0800d4bc   0x0800d4bc   0x00000004   PAD
    0x0800d4c0   0x0800d4c0   0x00000184   Code   RO         2037    .text.TIM_Base_SetConfig  stm32h7xx_hal_tim.o
    0x0800d644   0x0800d644   0x00000004   PAD
    0x0800d648   0x0800d648   0x0000000c   Code   RO          287    .text.UART7_IRQHandler  stm32h7xx_it.o
    0x0800d654   0x0800d654   0x00000004   PAD
    0x0800d658   0x0800d658   0x000000e0   Code   RO         2368    .text.UART_AdvFeatureConfig  stm32h7xx_hal_uart.o
    0x0800d738   0x0800d738   0x00000176   Code   RO         2372    .text.UART_CheckIdleState  stm32h7xx_hal_uart.o
    0x0800d8ae   0x0800d8ae   0x00000002   PAD
    0x0800d8b0   0x0800d8b0   0x00000010   Code   RO         2450    .text.UART_DMAAbortOnError  stm32h7xx_hal_uart.o
    0x0800d8c0   0x0800d8c0   0x000001f4   Code   RO         2410    .text.UART_DMAError  stm32h7xx_hal_uart.o
    0x0800dab4   0x0800dab4   0x00000004   PAD
    0x0800dab8   0x0800dab8   0x00000178   Code   RO         2494    .text.UART_DMAReceiveCplt  stm32h7xx_hal_uart.o
    0x0800dc30   0x0800dc30   0x0000001c   Code   RO         2496    .text.UART_DMARxHalfCplt  stm32h7xx_hal_uart.o
    0x0800dc4c   0x0800dc4c   0x00000004   PAD
    0x0800dc50   0x0800dc50   0x000000ba   Code   RO         2406    .text.UART_DMATransmitCplt  stm32h7xx_hal_uart.o
    0x0800dd0a   0x0800dd0a   0x00000006   PAD
    0x0800dd10   0x0800dd10   0x00000006   Code   RO         2408    .text.UART_DMATxHalfCplt  stm32h7xx_hal_uart.o
    0x0800dd16   0x0800dd16   0x00000002   PAD
    0x0800dd18   0x0800dd18   0x000001c4   Code   RO         2490    .text.UART_RxISR_16BIT  stm32h7xx_hal_uart.o
    0x0800dedc   0x0800dedc   0x00000004   PAD
    0x0800dee0   0x0800dee0   0x00000330   Code   RO         2486    .text.UART_RxISR_16BIT_FIFOEN  stm32h7xx_hal_uart.o
    0x0800e210   0x0800e210   0x000001c8   Code   RO         2492    .text.UART_RxISR_8BIT  stm32h7xx_hal_uart.o
    0x0800e3d8   0x0800e3d8   0x00000334   Code   RO         2488    .text.UART_RxISR_8BIT_FIFOEN  stm32h7xx_hal_uart.o
    0x0800e70c   0x0800e70c   0x00000004   PAD
    0x0800e710   0x0800e710   0x0000049c   Code   RO         2370    .text.UART_SetConfig  stm32h7xx_hal_uart.o
    0x0800ebac   0x0800ebac   0x00000004   PAD
    0x0800ebb0   0x0800ebb0   0x00000154   Code   RO         2414    .text.UART_Start_Receive_DMA  stm32h7xx_hal_uart.o
    0x0800ed04   0x0800ed04   0x00000004   PAD
    0x0800ed08   0x0800ed08   0x00000274   Code   RO         2402    .text.UART_Start_Receive_IT  stm32h7xx_hal_uart.o
    0x0800ef7c   0x0800ef7c   0x00000004   PAD
    0x0800ef80   0x0800ef80   0x00000358   Code   RO         2386    .text.UART_WaitOnFlagUntilTimeout  stm32h7xx_hal_uart.o
    0x0800f2d8   0x0800f2d8   0x0000000c   Code   RO          289    .text.USART10_IRQHandler  stm32h7xx_it.o
    0x0800f2e4   0x0800f2e4   0x00000004   PAD
    0x0800f2e8   0x0800f2e8   0x0000000c   Code   RO          279    .text.USART1_IRQHandler  stm32h7xx_it.o
    0x0800f2f4   0x0800f2f4   0x00000004   PAD
    0x0800f2f8   0x0800f2f8   0x0000000c   Code   RO          281    .text.USART2_IRQHandler  stm32h7xx_it.o
    0x0800f304   0x0800f304   0x00000004   PAD
    0x0800f308   0x0800f308   0x0000000c   Code   RO          283    .text.USART3_IRQHandler  stm32h7xx_it.o
    0x0800f314   0x0800f314   0x00000004   PAD
    0x0800f318   0x0800f318   0x00000072   Code   RO         3197    .text.USBD_CDC_DataIn  usbd_cdc.o
    0x0800f38a   0x0800f38a   0x00000006   PAD
    0x0800f390   0x0800f390   0x0000003c   Code   RO         3199    .text.USBD_CDC_DataOut  usbd_cdc.o
    0x0800f3cc   0x0800f3cc   0x00000004   PAD
    0x0800f3d0   0x0800f3d0   0x0000005a   Code   RO         3191    .text.USBD_CDC_DeInit  usbd_cdc.o
    0x0800f42a   0x0800f42a   0x00000006   PAD
    0x0800f430   0x0800f430   0x00000038   Code   RO         3195    .text.USBD_CDC_EP0_RxReady  usbd_cdc.o
    0x0800f468   0x0800f468   0x00000010   Code   RO         3207    .text.USBD_CDC_GetDeviceQualifierDescriptor  usbd_cdc.o
    0x0800f478   0x0800f478   0x00000052   Code   RO         3203    .text.USBD_CDC_GetFSCfgDesc  usbd_cdc.o
    0x0800f4ca   0x0800f4ca   0x00000006   PAD
    0x0800f4d0   0x0800f4d0   0x00000056   Code   RO         3201    .text.USBD_CDC_GetHSCfgDesc  usbd_cdc.o
    0x0800f526   0x0800f526   0x00000002   PAD
    0x0800f528   0x0800f528   0x00000052   Code   RO         3205    .text.USBD_CDC_GetOtherSpeedCfgDesc  usbd_cdc.o
    0x0800f57a   0x0800f57a   0x00000006   PAD
    0x0800f580   0x0800f580   0x000000ce   Code   RO         3189    .text.USBD_CDC_Init  usbd_cdc.o
    0x0800f64e   0x0800f64e   0x00000002   PAD
    0x0800f650   0x0800f650   0x00000030   Code   RO         3217    .text.USBD_CDC_ReceivePacket  usbd_cdc.o
    0x0800f680   0x0800f680   0x00000018   Code   RO         3209    .text.USBD_CDC_RegisterInterface  usbd_cdc.o
    0x0800f698   0x0800f698   0x0000001c   Code   RO         3213    .text.USBD_CDC_SetRxBuffer  usbd_cdc.o
    0x0800f6b4   0x0800f6b4   0x00000004   PAD
    0x0800f6b8   0x0800f6b8   0x00000020   Code   RO         3211    .text.USBD_CDC_SetTxBuffer  usbd_cdc.o
    0x0800f6d8   0x0800f6d8   0x000000f0   Code   RO         3193    .text.USBD_CDC_Setup  usbd_cdc.o
    0x0800f7c8   0x0800f7c8   0x00000012   Code   RO         3104    .text.USBD_ClrClassConfig  usbd_core.o
    0x0800f7da   0x0800f7da   0x00000006   PAD
    0x0800f7e0   0x0800f7e0   0x00000004   Code   RO         3112    .text.USBD_CoreFindEP  usbd_core.o
    0x0800f7e4   0x0800f7e4   0x00000004   PAD
    0x0800f7e8   0x0800f7e8   0x00000004   Code   RO         3110    .text.USBD_CoreFindIF  usbd_core.o
    0x0800f7ec   0x0800f7ec   0x00000004   PAD
    0x0800f7f0   0x0800f7f0   0x00000010   Code   RO         3173    .text.USBD_CtlContinueRx  usbd_ioreq.o
    0x0800f800   0x0800f800   0x00000010   Code   RO         3169    .text.USBD_CtlContinueSendData  usbd_ioreq.o
    0x0800f810   0x0800f810   0x00000016   Code   RO         3148    .text.USBD_CtlError  usbd_ctlreq.o
    0x0800f826   0x0800f826   0x00000002   PAD
    0x0800f828   0x0800f828   0x0000001e   Code   RO         3171    .text.USBD_CtlPrepareRx  usbd_ioreq.o
    0x0800f846   0x0800f846   0x00000002   PAD
    0x0800f848   0x0800f848   0x00000016   Code   RO         3177    .text.USBD_CtlReceiveStatus  usbd_ioreq.o
    0x0800f85e   0x0800f85e   0x00000002   PAD
    0x0800f860   0x0800f860   0x0000001a   Code   RO         3167    .text.USBD_CtlSendData  usbd_ioreq.o
    0x0800f87a   0x0800f87a   0x00000006   PAD
    0x0800f880   0x0800f880   0x00000016   Code   RO         3175    .text.USBD_CtlSendStatus  usbd_ioreq.o
    0x0800f896   0x0800f896   0x00000002   PAD
    0x0800f898   0x0800f898   0x00000084   Code   RO         3134    .text.USBD_GetEpDesc  usbd_core.o
    0x0800f91c   0x0800f91c   0x00000004   PAD
    0x0800f920   0x0800f920   0x000000fc   Code   RO         3156    .text.USBD_GetString  usbd_ctlreq.o
    0x0800fa1c   0x0800fa1c   0x00000004   PAD
    0x0800fa20   0x0800fa20   0x00000024   Code   RO          347    .text.USBD_HS_ConfigStrDescriptor  usbd_desc.o
    0x0800fa44   0x0800fa44   0x00000004   PAD
    0x0800fa48   0x0800fa48   0x0000000e   Code   RO          337    .text.USBD_HS_DeviceDescriptor  usbd_desc.o
    0x0800fa56   0x0800fa56   0x00000002   PAD
    0x0800fa58   0x0800fa58   0x00000028   Code   RO          349    .text.USBD_HS_InterfaceStrDescriptor  usbd_desc.o
    0x0800fa80   0x0800fa80   0x0000000e   Code   RO          339    .text.USBD_HS_LangIDStrDescriptor  usbd_desc.o
    0x0800fa8e   0x0800fa8e   0x00000002   PAD
    0x0800fa90   0x0800fa90   0x0000002c   Code   RO          341    .text.USBD_HS_ManufacturerStrDescriptor  usbd_desc.o
    0x0800fabc   0x0800fabc   0x00000004   PAD
    0x0800fac0   0x0800fac0   0x00000030   Code   RO          343    .text.USBD_HS_ProductStrDescriptor  usbd_desc.o
    0x0800faf0   0x0800faf0   0x0000016e   Code   RO          345    .text.USBD_HS_SerialStrDescriptor  usbd_desc.o
    0x0800fc5e   0x0800fc5e   0x00000002   PAD
    0x0800fc60   0x0800fc60   0x00000028   Code   RO         3090    .text.USBD_Init     usbd_core.o
    0x0800fc88   0x0800fc88   0x00000022   Code   RO          434    .text.USBD_LL_ClearStallEP  usbd_conf.o
    0x0800fcaa   0x0800fcaa   0x00000006   PAD
    0x0800fcb0   0x0800fcb0   0x00000022   Code   RO          428    .text.USBD_LL_CloseEP  usbd_conf.o
    0x0800fcd2   0x0800fcd2   0x00000006   PAD
    0x0800fcd8   0x0800fcd8   0x000000ba   Code   RO         3114    .text.USBD_LL_DataInStage  usbd_core.o
    0x0800fd92   0x0800fd92   0x00000006   PAD
    0x0800fd98   0x0800fd98   0x00000078   Code   RO         3108    .text.USBD_LL_DataOutStage  usbd_core.o
    0x0800fe10   0x0800fe10   0x00000004   Code   RO         3130    .text.USBD_LL_DevConnected  usbd_core.o
    0x0800fe14   0x0800fe14   0x00000004   PAD
    0x0800fe18   0x0800fe18   0x00000020   Code   RO         3132    .text.USBD_LL_DevDisconnected  usbd_core.o
    0x0800fe38   0x0800fe38   0x00000008   Code   RO          444    .text.USBD_LL_GetRxDataSize  usbd_conf.o
    0x0800fe40   0x0800fe40   0x00000072   Code   RO          416    .text.USBD_LL_Init  usbd_conf.o
    0x0800feb2   0x0800feb2   0x00000006   PAD
    0x0800feb8   0x0800feb8   0x00000022   Code   RO          436    .text.USBD_LL_IsStallEP  usbd_conf.o
    0x0800feda   0x0800feda   0x00000006   PAD
    0x0800fee0   0x0800fee0   0x0000002c   Code   RO         3126    .text.USBD_LL_IsoINIncomplete  usbd_core.o
    0x0800ff0c   0x0800ff0c   0x00000004   PAD
    0x0800ff10   0x0800ff10   0x0000002c   Code   RO         3128    .text.USBD_LL_IsoOUTIncomplete  usbd_core.o
    0x0800ff3c   0x0800ff3c   0x00000004   PAD
    0x0800ff40   0x0800ff40   0x00000028   Code   RO          426    .text.USBD_LL_OpenEP  usbd_conf.o
    0x0800ff68   0x0800ff68   0x00000022   Code   RO          442    .text.USBD_LL_PrepareReceive  usbd_conf.o
    0x0800ff8a   0x0800ff8a   0x00000006   PAD
    0x0800ff90   0x0800ff90   0x00000060   Code   RO         3116    .text.USBD_LL_Reset  usbd_core.o
    0x0800fff0   0x0800fff0   0x00000014   Code   RO         3122    .text.USBD_LL_Resume  usbd_core.o
    0x08010004   0x08010004   0x00000004   PAD
    0x08010008   0x08010008   0x0000001e   Code   RO         3124    .text.USBD_LL_SOF   usbd_core.o
    0x08010026   0x08010026   0x00000002   PAD
    0x08010028   0x08010028   0x00000008   Code   RO         3118    .text.USBD_LL_SetSpeed  usbd_core.o
    0x08010030   0x08010030   0x00000022   Code   RO          438    .text.USBD_LL_SetUSBAddress  usbd_conf.o
    0x08010052   0x08010052   0x00000006   PAD
    0x08010058   0x08010058   0x00000062   Code   RO         3106    .text.USBD_LL_SetupStage  usbd_core.o
    0x080100ba   0x080100ba   0x00000006   PAD
    0x080100c0   0x080100c0   0x00000022   Code   RO          432    .text.USBD_LL_StallEP  usbd_conf.o
    0x080100e2   0x080100e2   0x00000006   PAD
    0x080100e8   0x080100e8   0x00000022   Code   RO          422    .text.USBD_LL_Start  usbd_conf.o
    0x0801010a   0x0801010a   0x00000006   PAD
    0x08010110   0x08010110   0x0000001c   Code   RO         3120    .text.USBD_LL_Suspend  usbd_core.o
    0x0801012c   0x0801012c   0x00000004   PAD
    0x08010130   0x08010130   0x00000022   Code   RO          440    .text.USBD_LL_Transmit  usbd_conf.o
    0x08010152   0x08010152   0x00000006   PAD
    0x08010158   0x08010158   0x00000016   Code   RO         3154    .text.USBD_ParseSetupRequest  usbd_ctlreq.o
    0x0801016e   0x0801016e   0x00000002   PAD
    0x08010170   0x08010170   0x00000046   Code   RO         3094    .text.USBD_RegisterClass  usbd_core.o
    0x080101b6   0x080101b6   0x00000002   PAD
    0x080101b8   0x080101b8   0x00000010   Code   RO         3102    .text.USBD_SetClassConfig  usbd_core.o
    0x080101c8   0x080101c8   0x00000004   Code   RO         3096    .text.USBD_Start    usbd_core.o
    0x080101cc   0x080101cc   0x00000004   PAD
    0x080101d0   0x080101d0   0x00000362   Code   RO         3146    .text.USBD_StdDevReq  usbd_ctlreq.o
    0x08010532   0x08010532   0x00000006   PAD
    0x08010538   0x08010538   0x00000166   Code   RO         3152    .text.USBD_StdEPReq  usbd_ctlreq.o
    0x0801069e   0x0801069e   0x00000002   PAD
    0x080106a0   0x080106a0   0x0000007c   Code   RO         3150    .text.USBD_StdItfReq  usbd_ctlreq.o
    0x0801071c   0x0801071c   0x00000004   PAD
    0x08010720   0x08010720   0x00000002   Code   RO          448    .text.USBD_static_free  usbd_conf.o
    0x08010722   0x08010722   0x00000006   PAD
    0x08010728   0x08010728   0x0000000a   Code   RO          446    .text.USBD_static_malloc  usbd_conf.o
    0x08010732   0x08010732   0x00000006   PAD
    0x08010738   0x08010738   0x0000008a   Code   RO          586    .text.USB_ActivateEndpoint  stm32h7xx_ll_usb.o
    0x080107c2   0x080107c2   0x00000006   PAD
    0x080107c8   0x080107c8   0x00000020   Code   RO          628    .text.USB_ActivateSetup  stm32h7xx_ll_usb.o
    0x080107e8   0x080107e8   0x0000022e   Code   RO          564    .text.USB_CoreInit  stm32h7xx_ll_usb.o
    0x08010a16   0x08010a16   0x00000002   PAD
    0x08010a18   0x08010a18   0x00000086   Code   RO          590    .text.USB_DeactivateEndpoint  stm32h7xx_ll_usb.o
    0x08010a9e   0x08010a9e   0x00000002   PAD
    0x08010aa0   0x08010aa0   0x0000001e   Code   RO          610    .text.USB_DevConnect  stm32h7xx_ll_usb.o
    0x08010abe   0x08010abe   0x00000002   PAD
    0x08010ac0   0x08010ac0   0x0000001e   Code   RO          612    .text.USB_DevDisconnect  stm32h7xx_ll_usb.o
    0x08010ade   0x08010ade   0x00000002   PAD
    0x08010ae0   0x08010ae0   0x0000049e   Code   RO          576    .text.USB_DevInit   stm32h7xx_ll_usb.o
    0x08010f7e   0x08010f7e   0x00000002   PAD
    0x08010f80   0x08010f80   0x0000000e   Code   RO          570    .text.USB_DisableGlobalInt  stm32h7xx_ll_usb.o
    0x08010f8e   0x08010f8e   0x00000002   PAD
    0x08010f90   0x08010f90   0x0000005a   Code   RO          630    .text.USB_EP0_OutStart  stm32h7xx_ll_usb.o
    0x08010fea   0x08010fea   0x00000006   PAD
    0x08010ff0   0x08010ff0   0x00000052   Code   RO          604    .text.USB_EPClearStall  stm32h7xx_ll_usb.o
    0x08011042   0x08011042   0x00000006   PAD
    0x08011048   0x08011048   0x00000040   Code   RO          602    .text.USB_EPSetStall  stm32h7xx_ll_usb.o
    0x08011088   0x08011088   0x00000210   Code   RO          594    .text.USB_EPStartXfer  stm32h7xx_ll_usb.o
    0x08011298   0x08011298   0x0000010e   Code   RO          598    .text.USB_EPStopXfer  stm32h7xx_ll_usb.o
    0x080113a6   0x080113a6   0x00000002   PAD
    0x080113a8   0x080113a8   0x0000000e   Code   RO          568    .text.USB_EnableGlobalInt  stm32h7xx_ll_usb.o
    0x080113b6   0x080113b6   0x00000002   PAD
    0x080113b8   0x080113b8   0x000000be   Code   RO          580    .text.USB_FlushTxFifo  stm32h7xx_ll_usb.o
    0x08011476   0x08011476   0x00000002   PAD
    0x08011478   0x08011478   0x0000001a   Code   RO          584    .text.USB_GetDevSpeed  stm32h7xx_ll_usb.o
    0x08011492   0x08011492   0x00000006   PAD
    0x08011498   0x08011498   0x00000008   Code   RO          574    .text.USB_GetMode   stm32h7xx_ll_usb.o
    0x080114a0   0x080114a0   0x0000000e   Code   RO          620    .text.USB_ReadDevAllInEpInterrupt  stm32h7xx_ll_usb.o
    0x080114ae   0x080114ae   0x00000002   PAD
    0x080114b0   0x080114b0   0x0000000e   Code   RO          618    .text.USB_ReadDevAllOutEpInterrupt  stm32h7xx_ll_usb.o
    0x080114be   0x080114be   0x00000002   PAD
    0x080114c0   0x080114c0   0x00000024   Code   RO          624    .text.USB_ReadDevInEPInterrupt  stm32h7xx_ll_usb.o
    0x080114e4   0x080114e4   0x00000004   PAD
    0x080114e8   0x080114e8   0x00000010   Code   RO          622    .text.USB_ReadDevOutEPInterrupt  stm32h7xx_ll_usb.o
    0x080114f8   0x080114f8   0x00000008   Code   RO          614    .text.USB_ReadInterrupts  stm32h7xx_ll_usb.o
    0x08011500   0x08011500   0x000000b0   Code   RO          600    .text.USB_ReadPacket  stm32h7xx_ll_usb.o
    0x080115b0   0x080115b0   0x00000368   Code   RO          572    .text.USB_SetCurrentMode  stm32h7xx_ll_usb.o
    0x08011918   0x08011918   0x00000022   Code   RO          608    .text.USB_SetDevAddress  stm32h7xx_ll_usb.o
    0x0801193a   0x0801193a   0x00000006   PAD
    0x08011940   0x08011940   0x00000118   Code   RO          566    .text.USB_SetTurnaroundTime  stm32h7xx_ll_usb.o
    0x08011a58   0x08011a58   0x00000078   Code   RO          596    .text.USB_WritePacket  stm32h7xx_ll_usb.o
    0x08011ad0   0x08011ad0   0x000001ba   Code   RO         3504    .text.Update_T_Profile  bsp_arm.o
    0x08011c8a   0x08011c8a   0x00000006   PAD
    0x08011c90   0x08011c90   0x00000002   Code   RO          261    .text.UsageFault_Handler  stm32h7xx_it.o
    0x08011c92   0x08011c92   0x00000006   PAD
    0x08011c98   0x08011c98   0x000001d6   Code   RO         3257    .text.WS2812_Ctrl   ws2812.o
    0x08011e6e   0x08011e6e   0x00000002   PAD
    0x08011e70   0x08011e70   0x00000060   Code   RO         3312    .text.canfd_filter  can_bsp.o
    0x08011ed0   0x08011ed0   0x000001ac   Code   RO         3458    .text.extract_data  go-m8010-6.o
    0x0801207c   0x0801207c   0x00000004   PAD
    0x08012080   0x08012080   0x000002f0   Code   RO         3680    .text.forward_kinematics  arm_kinematics.o
    0x08012370   0x08012370   0x0000008e   Code   RO         3502    .text.joint_T_profilel_param_init  bsp_arm.o
    0x080123fe   0x080123fe   0x00000002   PAD
    0x08012400   0x08012400   0x00000052   Code   RO           33    .text.main          main.o
    0x08012452   0x08012452   0x00000006   PAD
    0x08012458   0x08012458   0x00000264   Code   RO         3456    .text.modify_data   go-m8010-6.o
    0x080126bc   0x080126bc   0x00000004   PAD
    0x080126c0   0x080126c0   0x00000010   Code   RO         2931    .text.osDelay       cmsis_os.o
    0x080126d0   0x080126d0   0x0000000a   Code   RO         2913    .text.osKernelStart  cmsis_os.o
    0x080126da   0x080126da   0x00000006   PAD
    0x080126e0   0x080126e0   0x00000060   Code   RO         2919    .text.osThreadCreate  cmsis_os.o
    0x08012740   0x08012740   0x0000007e   Code   RO         2756    .text.prvAddCurrentTaskToDelayedList  tasks.o
    0x080127be   0x080127be   0x00000002   PAD
    0x080127c0   0x080127c0   0x000000fe   Code   RO         2746    .text.prvAddNewTaskToReadyList  tasks.o
    0x080128be   0x080128be   0x00000002   PAD
    0x080128c0   0x080128c0   0x00000086   Code   RO         2780    .text.prvIdleTask   tasks.o
    0x08012946   0x08012946   0x00000002   PAD
    0x08012948   0x08012948   0x00000126   Code   RO         2744    .text.prvInitialiseNewTask  tasks.o
    0x08012a6e   0x08012a6e   0x00000002   PAD
    0x08012a70   0x08012a70   0x00000028   Code   RO         3066    .text.prvPortStartFirstTask  port.o
    0x08012a98   0x08012a98   0x00000040   Code   RO         3056    .text.prvTaskExitError  port.o
    0x08012ad8   0x08012ad8   0x0000038a   Code   RO         2865    .text.prvTimerTask  timers.o
    0x08012e62   0x08012e62   0x00000006   PAD
    0x08012e68   0x08012e68   0x0000007a   Code   RO         2645    .text.prvUnlockQueue  queue.o
    0x08012ee2   0x08012ee2   0x00000006   PAD
    0x08012ee8   0x08012ee8   0x000001f4   Code   RO         3032    .text.pvPortMalloc  heap_4.o
    0x080130dc   0x080130dc   0x00000004   PAD
    0x080130e0   0x080130e0   0x00000018   Code   RO         2836    .text.pvTaskIncrementMutexHeldCount  tasks.o
    0x080130f8   0x080130f8   0x0000002c   Code   RO         3054    .text.pxPortInitialiseStack  port.o
    0x08013124   0x08013124   0x00000004   PAD
    0x08013128   0x08013128   0x0000002a   Code   RO         2609    .text.uxListRemove  list.o
    0x08013152   0x08013152   0x00000006   PAD
    0x08013158   0x08013158   0x0000001a   Code   RO           64    .text.vApplicationGetIdleTaskMemory  freertos.o
    0x08013172   0x08013172   0x00000006   PAD
    0x08013178   0x08013178   0x0000001c   Code   RO           66    .text.vApplicationGetTimerTaskMemory  freertos.o
    0x08013194   0x08013194   0x00000004   PAD
    0x08013198   0x08013198   0x00000016   Code   RO         2601    .text.vListInitialise  list.o
    0x080131ae   0x080131ae   0x00000002   PAD
    0x080131b0   0x080131b0   0x00000006   Code   RO         2603    .text.vListInitialiseItem  list.o
    0x080131b6   0x080131b6   0x00000002   PAD
    0x080131b8   0x080131b8   0x00000062   Code   RO         2607    .text.vListInsert   list.o
    0x0801321a   0x0801321a   0x00000006   PAD
    0x08013220   0x08013220   0x0000001c   Code   RO         2605    .text.vListInsertEnd  list.o
    0x0801323c   0x0801323c   0x00000004   PAD
    0x08013240   0x08013240   0x00000014   Code   RO         3064    .text.vPortEnableVFP  port.o
    0x08013254   0x08013254   0x00000004   PAD
    0x08013258   0x08013258   0x0000004a   Code   RO         3070    .text.vPortEnterCritical  port.o
    0x080132a2   0x080132a2   0x00000006   PAD
    0x080132a8   0x080132a8   0x0000002e   Code   RO         3072    .text.vPortExitCritical  port.o
    0x080132d6   0x080132d6   0x00000002   PAD
    0x080132d8   0x080132d8   0x000000d4   Code   RO         3034    .text.vPortFree     heap_4.o
    0x080133ac   0x080133ac   0x00000004   PAD
    0x080133b0   0x080133b0   0x00000034   Code   RO         3062    .text.vPortSetupTimerInterrupt  port.o
    0x080133e4   0x080133e4   0x00000004   PAD
    0x080133e8   0x080133e8   0x0000005e   Code   RO         3078    .text.vPortValidateInterruptPriority  port.o
    0x08013446   0x08013446   0x00000002   PAD
    0x08013448   0x08013448   0x000000b0   Code   RO         2679    .text.vQueueAddToRegistry  queue.o
    0x080134f8   0x080134f8   0x00000064   Code   RO         2683    .text.vQueueWaitForMessageRestricted  queue.o
    0x0801355c   0x0801355c   0x00000004   PAD
    0x08013560   0x08013560   0x0000009e   Code   RO         2760    .text.vTaskDelay    tasks.o
    0x080135fe   0x080135fe   0x00000002   PAD
    0x08013600   0x08013600   0x00000012   Code   RO         2810    .text.vTaskInternalSetTimeOutState  tasks.o
    0x08013612   0x08013612   0x00000006   PAD
    0x08013618   0x08013618   0x0000000e   Code   RO         2814    .text.vTaskMissedYield  tasks.o
    0x08013626   0x08013626   0x00000002   PAD
    0x08013628   0x08013628   0x00000036   Code   RO         2798    .text.vTaskPlaceOnEventList  tasks.o
    0x0801365e   0x0801365e   0x00000002   PAD
    0x08013660   0x08013660   0x0000008e   Code   RO         2802    .text.vTaskPlaceOnEventListRestricted  tasks.o
    0x080136ee   0x080136ee   0x00000002   PAD
    0x080136f0   0x080136f0   0x000000ae   Code   RO         2832    .text.vTaskPriorityDisinheritAfterTimeout  tasks.o
    0x0801379e   0x0801379e   0x00000002   PAD
    0x080137a0   0x080137a0   0x000000f0   Code   RO         2778    .text.vTaskStartScheduler  tasks.o
    0x08013890   0x08013890   0x00000010   Code   RO         2754    .text.vTaskSuspendAll  tasks.o
    0x080138a0   0x080138a0   0x0000006e   Code   RO         2772    .text.vTaskSwitchContext  tasks.o
    0x0801390e   0x0801390e   0x00000002   PAD
    0x08013910   0x08013910   0x0000018a   Code   RO         3060    .text.xPortStartScheduler  port.o
    0x08013a9a   0x08013a9a   0x00000006   PAD
    0x08013aa0   0x08013aa0   0x00000086   Code   RO         2623    .text.xQueueGenericCreate  queue.o
    0x08013b26   0x08013b26   0x00000002   PAD
    0x08013b28   0x08013b28   0x000000de   Code   RO         2621    .text.xQueueGenericCreateStatic  queue.o
    0x08013c06   0x08013c06   0x00000002   PAD
    0x08013c08   0x08013c08   0x000002bc   Code   RO         2635    .text.xQueueGenericSend  queue.o
    0x08013ec4   0x08013ec4   0x00000004   PAD
    0x08013ec8   0x08013ec8   0x000000ba   Code   RO         2649    .text.xQueueGiveFromISR  queue.o
    0x08013f82   0x08013f82   0x00000006   PAD
    0x08013f88   0x08013f88   0x0000023e   Code   RO         2651    .text.xQueueReceive  queue.o
    0x080141c6   0x080141c6   0x00000002   PAD
    0x080141c8   0x080141c8   0x0000028a   Code   RO         2639    .text.xQueueSemaphoreTake  queue.o
    0x08014452   0x08014452   0x00000006   PAD
    0x08014458   0x08014458   0x00000096   Code   RO         2812    .text.xTaskCheckForTimeOut  tasks.o
    0x080144ee   0x080144ee   0x00000002   PAD
    0x080144f0   0x080144f0   0x00000060   Code   RO         2748    .text.xTaskCreate   tasks.o
    0x08014550   0x08014550   0x0000007a   Code   RO         2742    .text.xTaskCreateStatic  tasks.o
    0x080145ca   0x080145ca   0x00000006   PAD
    0x080145d0   0x080145d0   0x0000001c   Code   RO         2826    .text.xTaskGetSchedulerState  tasks.o
    0x080145ec   0x080145ec   0x00000004   PAD
    0x080145f0   0x080145f0   0x0000000c   Code   RO         2786    .text.xTaskGetTickCount  tasks.o
    0x080145fc   0x080145fc   0x00000004   PAD
    0x08014600   0x08014600   0x00000106   Code   RO         2784    .text.xTaskIncrementTick  tasks.o
    0x08014706   0x08014706   0x00000002   PAD
    0x08014708   0x08014708   0x000000b6   Code   RO         2830    .text.xTaskPriorityDisinherit  tasks.o
    0x080147be   0x080147be   0x00000002   PAD
    0x080147c0   0x080147c0   0x000000a8   Code   RO         2828    .text.xTaskPriorityInherit  tasks.o
    0x08014868   0x08014868   0x00000078   Code   RO         2804    .text.xTaskRemoveFromEventList  tasks.o
    0x080148e0   0x080148e0   0x000000ea   Code   RO         2758    .text.xTaskResumeAll  tasks.o
    0x080149ca   0x080149ca   0x00000006   PAD
    0x080149d0   0x080149d0   0x000000b4   Code   RO         2863    .text.xTimerCreateTimerTask  timers.o
    0x08014a84   0x08014a84   0x0000003e   Code   RO         3922    CL$$btod_d2e        c_w.l(btod.o)
    0x08014ac2   0x08014ac2   0x00000046   Code   RO         3924    CL$$btod_d2e_denorm_low  c_w.l(btod.o)
    0x08014b08   0x08014b08   0x00000060   Code   RO         3923    CL$$btod_d2e_norm_op1  c_w.l(btod.o)
    0x08014b68   0x08014b68   0x00000338   Code   RO         3932    CL$$btod_div_common  c_w.l(btod.o)
    0x08014ea0   0x08014ea0   0x000000dc   Code   RO         3929    CL$$btod_e2e        c_w.l(btod.o)
    0x08014f7c   0x08014f7c   0x0000002a   Code   RO         3926    CL$$btod_ediv       c_w.l(btod.o)
    0x08014fa6   0x08014fa6   0x0000002a   Code   RO         3925    CL$$btod_emul       c_w.l(btod.o)
    0x08014fd0   0x08014fd0   0x00000244   Code   RO         3931    CL$$btod_mult_common  c_w.l(btod.o)
    0x08015214   0x08015214   0x00000030   Code   RO         3965    i.__ARM_fpclassify  m_wv.l(fpclassify.o)
    0x08015244   0x08015244   0x00000026   Code   RO         3853    i.__ARM_fpclassifyf  m_wv.l(fpclassifyf.o)
    0x0801526a   0x0801526a   0x00000002   PAD
    0x0801526c   0x0801526c   0x00000150   Code   RO         3789    i.__hardfp_cosf     m_wv.l(cosf.o)
    0x080153bc   0x080153bc   0x00000190   Code   RO         3801    i.__hardfp_sinf     m_wv.l(sinf.o)
    0x0801554c   0x0801554c   0x00000006   Code   RO         3856    i.__mathlib_flt_infnan  m_wv.l(funder.o)
    0x08015552   0x08015552   0x00000002   PAD
    0x08015554   0x08015554   0x00000010   Code   RO         3858    i.__mathlib_flt_invalid  m_wv.l(funder.o)
    0x08015564   0x08015564   0x00000010   Code   RO         3861    i.__mathlib_flt_underflow  m_wv.l(funder.o)
    0x08015574   0x08015574   0x00000154   Code   RO         3874    i.__mathlib_rredf2  m_wv.l(rredf.o)
    0x080156c8   0x080156c8   0x0000002c   Code   RO         3955    locale$$code        c_w.l(lc_numeric_c.o)
    0x080156f4   0x080156f4   0x0000001a   Code   RO         4176    x$fpl$fpinit        fz_wv.l(fpinit.o)
    0x0801570e   0x0801570e   0x00000004   Code   RO         3775    x$fpl$printf1       fz_wv.l(printf1.o)
    0x08015712   0x08015712   0x00000000   Code   RO         3835    x$fpl$usenofp       fz_wv.l(usenofp.o)
    0x08015712   0x08015712   0x00000002   PAD
    0x08015714   0x08015714   0x00000020   Data   RO         3875    .constdata          m_wv.l(rredf.o)
    0x08015734   0x08015734   0x00000094   Data   RO         3920    .constdata          c_w.l(bigflt0.o)
    0x080157c8   0x080157c8   0x0000004c   Data   RO         1817    .rodata..L__const.HAL_FDCAN_Init.CvtEltSize  stm32h7xx_hal_fdcan.o
    0x08015814   0x08015814   0x0000001c   Data   RO           97    .rodata..L__const.MX_FREERTOS_Init.os_thread_def_LcdTask  freertos.o
    0x08015830   0x08015830   0x0000001c   Data   RO           94    .rodata..L__const.MX_FREERTOS_Init.os_thread_def_SafeMonitorTask  freertos.o
    0x0801584c   0x0801584c   0x0000001c   Data   RO           91    .rodata..L__const.MX_FREERTOS_Init.os_thread_def_defaultTask  freertos.o
    0x08015868   0x08015868   0x00000006   Data   RO         2499    .rodata..Lswitch.table.UART_SetConfig.7  stm32h7xx_hal_uart.o
    0x0801586e   0x0801586e   0x00000006   Data   RO         2500    .rodata..Lswitch.table.UART_SetConfig.9  stm32h7xx_hal_uart.o
    0x08015874   0x08015874   0x00000010   Data   RO         2554    .rodata.D1CorePrescTable  system_stm32h7xx.o
    0x08015884   0x08015884   0x00000018   Data   RO         2498    .rodata.UARTPrescTable  stm32h7xx_hal_uart.o
    0x0801589c   0x0801589c   0x00000200   Data   RO         3468    .rodata.crc_ccitt_table  go-m8010-6.o
    0x08015a9c   0x08015a9c   0x00000010   Data   RO         1818    .rodata.cst16       stm32h7xx_hal_fdcan.o
    0x08015aac   0x08015aac   0x00000010   Data   RO         2541    .rodata.cst8        stm32h7xx_hal_uart_ex.o
    0x08015abc   0x08015abc   0x00000059   Data   RO           90    .rodata.str1.1      freertos.o
    0x08015b15   0x08015b15   0x00000005   Data   RO         2903    .rodata.str1.1      timers.o
    0x08015b1a   0x08015b1a   0x00000006   Data   RO         3559    .rodata.str1.1      fun_test_task.o
    0x08015b20   0x08015b20   0x00000020   Data   RO         4257    Region$$Table       anon$$obj.o
    0x08015b40   0x08015b40   0x0000001c   Data   RO         3954    locale$$data        c_w.l(lc_numeric_c.o)


    Execution Region RW_IRAM1 (Exec base: 0x20000000, Load base: 0x08015b5c, Size: 0x00000000, Max: 0x00020000, ABSOLUTE)

    **** No section assigned to this execution region ****


    Execution Region RW_IRAM2 (Exec base: 0x24000000, Load base: 0x08015b60, Size: 0x00012ad8, Max: 0x00050000, ABSOLUTE)

    Exec Addr    Load Addr    Size         Type   Attr      Idx    E Section Name        Object

    0x24000000   0x08015b60   0x00000008   Data   RW         1278    .data..L_MergedGlobals  stm32h7xx_hal.o
    0x24000008   0x08015b68   0x00000008   Data   RW         2555    .data..L_MergedGlobals  system_stm32h7xx.o
    0x24000010   0x08015b70   0x00000020   Data   RW          353    .data.HS_Desc       usbd_desc.o
    0x24000030   0x08015b90   0x00000038   Data   RW         3219    .data.USBD_CDC      usbd_cdc.o
    0x24000068   0x08015bc8   0x00000043   Data   RW         3221    .data.USBD_CDC_CfgDesc  usbd_cdc.o
    0x240000ab   0x08015c0b   0x00000001   PAD
    0x240000ac   0x08015c0c   0x0000000a   Data   RW         3220    .data.USBD_CDC_DeviceQualifierDesc  usbd_cdc.o
    0x240000b6   0x08015c16   0x00000002   PAD
    0x240000b8   0x08015c18   0x00000012   Data   RW          354    .data.USBD_HS_DeviceDesc  usbd_desc.o
    0x240000ca   0x08015c2a   0x00000002   PAD
    0x240000cc   0x08015c2c   0x00000014   Data   RW          379    .data.USBD_Interface_fops_HS  usbd_cdc_if.o
    0x240000e0   0x08015c40   0x00000004   Data   RW          356    .data.USBD_LangIDDesc  usbd_desc.o
    0x240000e4   0x08015c44   0x0000001a   Data   RW          357    .data.USBD_StringSerial  usbd_desc.o
    0x240000fe   0x08015c5e   0x00000002   PAD
    0x24000100   0x08015c60   0x00000020   Data   RW         3603    .data.joint_torque_limit  safe_monitor_task.o
    0x24000120   0x08015c80   0x00000004   Data   RW         3080    .data.uxCriticalNesting  port.o
    0x24000124   0x08015c84   0x00000004   PAD
    0x24000128        -       0x00000060   Zero   RW         3973    .bss                c_w.l(libspace.o)
    0x24000188        -       0x00000020   Zero   RW          108    .bss..L_MergedGlobals  freertos.o
    0x240001a8        -       0x00000078   Zero   RW         2853    .bss..L_MergedGlobals  tasks.o
    0x24000220        -       0x0000003c   Zero   RW         2904    .bss..L_MergedGlobals  timers.o
    0x2400025c        -       0x00000020   Zero   RW         3045    .bss..L_MergedGlobals  heap_4.o
    0x2400027c        -       0x00000008   Zero   RW         3081    .bss..L_MergedGlobals  port.o
    0x24000284        -       0x00000008   Zero   RW         3232    .bss..L_MergedGlobals  bsp_user_key.o
    0x2400028c        -       0x0000005c   Zero   RW         3332    .bss..L_MergedGlobals  can_bsp.o
    0x240002e8        -       0x00000060   Zero   RW         3475    .bss..L_MergedGlobals  go-m8010-6.o
    0x24000348        -       0x00000012   Zero   RW         3561    .bss..L_MergedGlobals  fun_test_task.o
    0x2400035a   0x08015c84   0x00000002   PAD
    0x2400035c        -       0x00000024   Zero   RW         3590    .bss..L_MergedGlobals  kinematic_task.o
    0x24000380        -       0x00000008   Zero   RW         3604    .bss..L_MergedGlobals  safe_monitor_task.o
    0x24000388        -       0x00000078   Zero   RW         3333    .bss..L_MergedGlobals.1  can_bsp.o
    0x24000400        -       0x00000028   Zero   RW         2854    .bss..L_MergedGlobals.2  tasks.o
    0x24000428        -       0x00000200   Zero   RW          100    .bss.FunTestBuffer  freertos.o
    0x24000628        -       0x0000005c   Zero   RW          101    .bss.FunTestControlBlock  freertos.o
    0x24000684        -       0x00000004   Zero   RW          159    .bss.HAL_RCC_FDCAN_CLK_ENABLED  fdcan.o
    0x24000688        -       0x00002000   Zero   RW           98    .bss.ImuTaskBuffer  freertos.o
    0x24002688        -       0x0000005c   Zero   RW           99    .bss.ImuTaskControlBlock  freertos.o
    0x240026e4        -       0x00004000   Zero   RW          106    .bss.KinematicsTaskBuffer  freertos.o
    0x240066e4        -       0x0000005c   Zero   RW          107    .bss.KinematicsTaskControlBlock  freertos.o
    0x24006740        -       0x00000400   Zero   RW           95    .bss.LcdTaskBuffer  freertos.o
    0x24006b40        -       0x0000005c   Zero   RW           96    .bss.LcdTaskControlBlock  freertos.o
    0x24006b9c   0x08015c84   0x00000004   PAD
    0x24006ba0        -       0x00000080   Zero   RW         3414    .bss.Motor1         cybergear.o
    0x24006c20        -       0x00000080   Zero   RW         3416    .bss.Motor3         cybergear.o
    0x24006ca0        -       0x00004000   Zero   RW          102    .bss.MotorCommTaskBuffer  freertos.o
    0x2400aca0        -       0x0000005c   Zero   RW          103    .bss.MotorCommTaskControlBlock  freertos.o
    0x2400acfc   0x08015c84   0x00000004   PAD
    0x2400ad00        -       0x00000300   Zero   RW         3413    .bss.Motors         cybergear.o
    0x2400b000        -       0x00000200   Zero   RW          104    .bss.RgbTaskBuffer  freertos.o
    0x2400b200        -       0x0000005c   Zero   RW          105    .bss.RgbTaskControlBlock  freertos.o
    0x2400b25c        -       0x00000200   Zero   RW           92    .bss.SafeMonitorBuffer  freertos.o
    0x2400b45c        -       0x0000005c   Zero   RW           93    .bss.SafeMonitorControlBlock  freertos.o
    0x2400b4b8        -       0x00000001   Zero   RW         3158    .bss.USBD_SetConfig.cfgidx  usbd_ctlreq.o
    0x2400b4b9   0x08015c84   0x00000003   PAD
    0x2400b4bc        -       0x00000200   Zero   RW          358    .bss.USBD_StrDesc   usbd_desc.o
    0x2400b6bc        -       0x00000220   Zero   RW          453    .bss.USBD_static_malloc.mem  usbd_conf.o
    0x2400b8dc        -       0x00000800   Zero   RW          380    .bss.UserRxBufferHS  usbd_cdc_if.o
    0x2400c0dc        -       0x00000800   Zero   RW          381    .bss.UserTxBufferHS  usbd_cdc_if.o
    0x2400c8dc        -       0x00000090   Zero   RW         3508    .bss.arm_joint      bsp_arm.o
    0x2400c96c        -       0x00000001   Zero   RW         3248    .bss.buzzerSta      bsp_buzzer.o
    0x2400c96d        -       0x00000004   Zero   RW         3412    .bss.byte           cybergear.o
    0x2400c971        -       0x00000020   Zero   RW          136    .bss.dma_rx_buffer  dma.o
    0x2400c991   0x08015c84   0x00000007   PAD
    0x2400c998        -       0x00000040   Zero   RW         3472    .bss.go_cmd2        go-m8010-6.o
    0x2400c9d8        -       0x00000040   Zero   RW         3473    .bss.go_cmd3        go-m8010-6.o
    0x2400ca18        -       0x00000040   Zero   RW         3471    .bss.go_rec3        go-m8010-6.o
    0x2400ca58        -       0x000002dc   Zero   RW          330    .bss.hUsbDeviceHS   usb_device.o
    0x2400cd34        -       0x00000070   Zero   RW          123    .bss.hadc1          adc.o
    0x2400cda4        -       0x00000078   Zero   RW          124    .bss.hdma_adc1      adc.o
    0x2400ce1c        -       0x00000078   Zero   RW          244    .bss.hdma_usart2_rx  usart.o
    0x2400ce94        -       0x00000078   Zero   RW          243    .bss.hdma_usart2_tx  usart.o
    0x2400cf0c        -       0x000000a0   Zero   RW          156    .bss.hfdcan1        fdcan.o
    0x2400cfac        -       0x000000a0   Zero   RW          157    .bss.hfdcan2        fdcan.o
    0x2400d04c        -       0x000000a0   Zero   RW          158    .bss.hfdcan3        fdcan.o
    0x2400d0ec        -       0x0000005c   Zero   RW          175    .bss.hospi2         octospi.o
    0x2400d148        -       0x000004e4   Zero   RW          452    .bss.hpcd_USB_OTG_HS  usbd_conf.o
    0x2400d62c        -       0x00000088   Zero   RW          192    .bss.hspi2          spi.o
    0x2400d6b4        -       0x00000088   Zero   RW          193    .bss.hspi6          spi.o
    0x2400d73c        -       0x0000004c   Zero   RW          213    .bss.htim12         tim.o
    0x2400d788        -       0x0000004c   Zero   RW          319    .bss.htim23         stm32h7xx_hal_timebase_tim.o
    0x2400d7d4        -       0x0000004c   Zero   RW          212    .bss.htim3          tim.o
    0x2400d820        -       0x00000094   Zero   RW          239    .bss.huart1         usart.o
    0x2400d8b4        -       0x00000094   Zero   RW          242    .bss.huart10        usart.o
    0x2400d948        -       0x00000094   Zero   RW          240    .bss.huart2         usart.o
    0x2400d9dc        -       0x00000094   Zero   RW          241    .bss.huart3         usart.o
    0x2400da70        -       0x00000094   Zero   RW          238    .bss.huart7         usart.o
    0x2400db04        -       0x00000150   Zero   RW         3507    .bss.joint_T_profilel  bsp_arm.o
    0x2400dc54        -       0x00000001   Zero   RW         3506    .bss.joints_init_flag  bsp_arm.o
    0x2400dc55        -       0x000000a0   Zero   RW         2902    .bss.prvCheckForValidListAndQueue.ucStaticTimerQueueStorage  timers.o
    0x2400dcf5   0x08015c84   0x00000003   PAD
    0x2400dcf8        -       0x00000050   Zero   RW         2901    .bss.prvCheckForValidListAndQueue.xStaticTimerQueue  timers.o
    0x2400dd48        -       0x0000008c   Zero   RW         2852    .bss.pxReadyTasksLists  tasks.o
    0x2400ddd4        -       0x00000004   Zero   RW          138    .bss.uart_rx_semaphore  dma.o
    0x2400ddd8        -       0x00000004   Zero   RW          137    .bss.uart_tx_semaphore  dma.o
    0x2400dddc        -       0x00003c00   Zero   RW         3044    .bss.ucHeap         heap_4.o
    0x240119dc        -       0x00000004   Zero   RW         1277    .bss.uwTick         stm32h7xx_hal.o
    0x240119e0        -       0x00000200   Zero   RW           87    .bss.xIdleStack     freertos.o
    0x24011be0        -       0x0000005c   Zero   RW           86    .bss.xIdleTaskTCBBuffer  freertos.o
    0x24011c3c        -       0x00000040   Zero   RW         2685    .bss.xQueueRegistry  queue.o
    0x24011c7c        -       0x00000400   Zero   RW           89    .bss.xTimerStack    freertos.o
    0x2401207c        -       0x0000005c   Zero   RW           88    .bss.xTimerTaskTCBBuffer  freertos.o
    0x240120d8        -       0x00000200   Zero   RW            2    HEAP                startup_stm32h723xx.o
    0x240122d8        -       0x00000800   Zero   RW            1    STACK               startup_stm32h723xx.o


==============================================================================

Image component sizes


      Code (inc. data)   RO Data    RW Data    ZI Data      Debug   Object Name

       496          0          0          0        232       9698   adc.o
       752         32          0          0          0      14952   arm_kinematics.o
       878         16          0          0        481       3444   bsp_arm.o
        76          0          0          0          1       4642   bsp_buzzer.o
        50          0          0          0          0       1845   bsp_power_enable.o
       100          0          0          0          8       1539   bsp_user_key.o
       314          0          0          0        212       9402   can_bsp.o
       122          0          0          0          0      27024   cmsis_os.o
      1898         94          0          0       1028      21623   cybergear.o
        84          0          0          0         40       5817   dma.o
        38          0          0          0          0        997   dwt.o
       778          0          0          0        484      12362   fdcan.o
       602        140        173          0      45916       5888   freertos.o
       274          0          6          0         18       5318   fun_test_task.o
      1378         68        512          0        288      10079   go-m8010-6.o
       468          0          0          0          0       3497   gpio.o
       712          0          0          0      15392       5742   heap_4.o
         8          0          0          0          0       2503   imu_task.o
       136          0          0          0         36       1848   kinematic_task.o
         8          0          0          0          0       1058   lcd_task.o
       196          0          0          0          0       2336   list.o
       332          0          0          0          0       9909   main.o
       188          4          0          0          0       1996   motor_comm_task.o
       592          0          0          0         92       9482   octospi.o
      1010         16          0          4          8       4328   port.o
      2864          0          0          0         64      28960   queue.o
      1938          0          0          0          0       2883   rgb_task.o
       648          8          0         32          8       3386   safe_monitor_task.o
       542          0          0          0        272       9170   spi.o
        64         26        716          0       2560        860   startup_stm32h723xx.o
       178          0          0          8          4      15945   stm32h7xx_hal.o
      3124         14          0          0          0      30969   stm32h7xx_hal_adc.o
       392          0          0          0          0      31918   stm32h7xx_hal_adc_ex.o
       156          0          0          0          0      12418   stm32h7xx_hal_cortex.o
      7728         12          0          0          0      17935   stm32h7xx_hal_dma.o
      2966          0         92          0          0      61491   stm32h7xx_hal_fdcan.o
       710          0          0          0          0       6999   stm32h7xx_hal_gpio.o
        42          0          0          0          0       5451   stm32h7xx_hal_msp.o
      1892          0          0          0          0      29885   stm32h7xx_hal_ospi.o
      3790          0          0          0          0      17455   stm32h7xx_hal_pcd.o
       266          0          0          0          0       6387   stm32h7xx_hal_pcd_ex.o
        94          0          0          0          0       9638   stm32h7xx_hal_pwr_ex.o
      2740         16          0          0          0      11361   stm32h7xx_hal_rcc.o
      5148        212          0          0          0      19714   stm32h7xx_hal_rcc_ex.o
      1314          0          0          0          0      23305   stm32h7xx_hal_spi.o
      2798         24          0          0          0      65758   stm32h7xx_hal_tim.o
       228          0          0          0          0      26287   stm32h7xx_hal_tim_ex.o
       160          0          0          0         76       9654   stm32h7xx_hal_timebase_tim.o
     10182        332         36          0          0      43580   stm32h7xx_hal_uart.o
       632          0         16          0          0      11570   stm32h7xx_hal_uart_ex.o
       204          0          0          0          0      13037   stm32h7xx_it.o
      4960          0          0          0          0      40156   stm32h7xx_ll_usb.o
       176          0         16          8          0       5270   system_stm32h7xx.o
      3132          8          0          0        300      41456   tasks.o
       554          0          0          0        152       9161   tim.o
      1086         20          5          0        300      16488   timers.o
      1466          0          0          0        980      13948   usart.o
       108          0          0          0        732       3291   usb_device.o
      1164         12          0        133          0      11777   usbd_cdc.o
        84          0          0         20       4096       4924   usbd_cdc_if.o
       754          0          0          0       1796      22297   usbd_conf.o
       998          0          0          0          0      11219   usbd_core.o
      1644         36          0          0          1      10240   usbd_ctlreq.o
       562         72          0         80        512       4385   usbd_desc.o
       132          0          0          0          0       4758   usbd_ioreq.o
       470          0          0          0          0       1975   ws2812.o

    ----------------------------------------------------------------------
     80860       1214       1604        292      76116     894690   Object Totals
         0          0         32          0          0          0   (incl. Generated)
      1280         52          0          7         27          0   (incl. Padding)

    ----------------------------------------------------------------------

      Code (inc. data)   RO Data    RW Data    ZI Data      Debug   Library Member Name

         8          0          0          0          0         68   __main.o
         0          0          0          0          0          0   __rtentry.o
        12          0          0          0          0          0   __rtentry2.o
         6          0          0          0          0          0   __rtentry4.o
        94          8          0          0          0          0   __scatter.o
        26          0          0          0          0          0   __scatter_copy.o
        28          0          0          0          0          0   __scatter_zi.o
         6          0          0          0          0          0   _printf_d.o
       120         16          0          0          0         92   _printf_dec.o
         6          0          0          0          0          0   _printf_f.o
      1052          0          0          0          0        148   _printf_fp_dec.o
       128         16          0          0          0         84   _printf_fp_infnan.o
       178          0          0          0          0         88   _printf_intcommon.o
         0          0          0          0          0          0   _printf_percent.o
         4          0          0          0          0          0   _printf_percent_end.o
        22          0          0          0          0        100   _rserrno.o
        16          0          0          0          0         68   aeabi_memset4.o
       228          4        148          0          0         96   bigflt0.o
      1936        128          0          0          0        668   btod.o
        18          0          0          0          0         80   exit.o
         6          0          0          0          0        152   heapauxi.o
         0          0          0          0          0          0   indicate_semi.o
        44         10         28          0          0         76   lc_numeric_c.o
         2          0          0          0          0          0   libinit.o
        22          0          0          0          0          0   libinit2.o
         2          0          0          0          0          0   libshutdown.o
         2          0          0          0          0          0   libshutdown2.o
         8          4          0          0         96         68   libspace.o
       138          0          0          0          0         80   lludiv10.o
       240          0          0          0          0        100   lludivv7m.o
        88          0          0          0          0         76   memcmp.o
         8          4          0          0          0         68   rt_errno_addr_intlibspace.o
         8          4          0          0          0         68   rt_locale_intlibspace.o
        78          0          0          0          0         80   rt_memclr_w.o
       138          0          0          0          0         68   rt_memcpy_v6.o
       100          0          0          0          0         80   rt_memcpy_w.o
         2          0          0          0          0          0   rtexit.o
        10          0          0          0          0          0   rtexit2.o
       124          0          0          0          0         88   strcmpv7m_pel.o
        12          4          0          0          0         68   sys_exit.o
        74          0          0          0          0         80   sys_stackheap_outer.o
         2          0          0          0          0         68   use_no_semi.o
        26          0          0          0          0        116   fpinit.o
         4          0          0          0          0        116   printf1.o
         0          0          0          0          0          0   usenofp.o
       336         56          0          0          0        136   cosf.o
        48          0          0          0          0        124   fpclassify.o
        38          0          0          0          0        116   fpclassifyf.o
        38         12          0          0          0        348   funder.o
       340         24         32          0          0        160   rredf.o
       400         56          0          0          0        212   sinf.o

    ----------------------------------------------------------------------
      6252        346        208          0         96       4040   Library Totals
        26          0          0          0          0          0   (incl. Padding)

    ----------------------------------------------------------------------

      Code (inc. data)   RO Data    RW Data    ZI Data      Debug   Library Name

      4996        198        176          0         96       2712   c_w.l
        30          0          0          0          0        232   fz_wv.l
      1200        148         32          0          0       1096   m_wv.l

    ----------------------------------------------------------------------
      6252        346        208          0         96       4040   Library Totals

    ----------------------------------------------------------------------

==============================================================================


      Code (inc. data)   RO Data    RW Data    ZI Data      Debug   

     87112       1560       1812        292      76212     895262   Grand Totals
     87112       1560       1812        292      76212     895262   ELF Image Totals
     87112       1560       1812        292          0          0   ROM Totals

==============================================================================

    Total RO  Size (Code + RO Data)                88924 (  86.84kB)
    Total RW  Size (RW Data + ZI Data)             76504 (  74.71kB)
    Total ROM Size (Code + RO Data + RW Data)      89216 (  87.12kB)

==============================================================================

