<html>
<body>
<pre>
<h1>礦ision Build Log</h1>
<h2>Tool Versions:</h2>
IDE-Version: μVision V5.39.0.0
Copyright (C) 2023 ARM Ltd and ARM Germany GmbH. All rights reserved.
License Information: 1 ALIN, 1, LIC=76F5U-SKAQ9-2ZDW4-FWKPL-VLY2E-ZQCHK
 
Tool Versions:
Toolchain:       MDK-ARM Plus  Version: 5.39.0.0
Toolchain Path:  D:\KEIL_539\ARM\AC5\Bin
C Compiler:      Armcc.exe V5.06 update 7 (build 960)
Assembler:       Armasm.exe V5.06 update 7 (build 960)
Linker/Locator:  ArmLink.exe V5.06 update 7 (build 960)
Library Manager: ArmAr.exe V5.06 update 7 (build 960)
Hex Converter:   FromElf.exe V5.06 update 7 (build 960)
CPU DLL:         SARMCM3.DLL V5.39.0.0
Dialog DLL:      DCM.DLL V1.17.5.0
Target DLL:      Segger\JL2CM3.dll V2.99.43.0
Dialog DLL:      TCM.DLL V1.56.4.0
 
<h2>Project:</h2>
C:\Users\ALIN\Desktop\Robo_Balance\6.Docs\1.47\02-1.47IPS程序源码\05-1.47IPS显示屏STM32F407ZG_SPI例程\USER\LCD.uvprojx
Project File Date:  12/24/2024

<h2>Output:</h2>
*** Using Compiler 'V5.06 update 7 (build 960)', folder: 'D:\KEIL_539\ARM\AC5\Bin'
Rebuild target 'OLED'
assembling startup_stm32f40_41xxx.s...
compiling lcd_init.c...
compiling stm32f4xx_it.c...
compiling lcd.c...
compiling stm32f4xx_syscfg.c...
compiling usart.c...
compiling stm32f4xx_gpio.c...
compiling led.c...
compiling misc.c...
compiling sys.c...
compiling main.c...
main.c(60): warning:  #1035-D: single-precision operand implicitly converted to double-precision
  		t+=0.11;
main.c: 1 warning, 0 errors
compiling stm32f4xx_rcc.c...
compiling stm32f4xx_usart.c...
compiling system_stm32f4xx.c...
compiling delay.c...
linking...
Program Size: Code=10406 RO-data=18246 RW-data=48 ZI-data=1832  
FromELF: creating hex file...
"..\OBJ\LCD.axf" - 0 Error(s), 1 Warning(s).

<h2>Software Packages used:</h2>

Package Vendor: Keil
                https://www.keil.com/pack/Keil.STM32F4xx_DFP.3.0.0.pack
                Keil::STM32F4xx_DFP@3.0.0
                STMicroelectronics STM32F4 Series Device Support

<h2>Collection of Component include folders:</h2>

<h2>Collection of Component Files used:</h2>
Build Time Elapsed:  00:00:01
</pre>
</body>
</html>
